<?xml version="1.0" encoding="ISO-8859-1" ?>
<link_info>
   <banner>TI ARM Clang Linker PC v3.2.2.LTS</banner>
   <copyright>Copyright (c) 1996-2018 Texas Instruments Incorporated</copyright>
   <link_time>0x66ab299c</link_time>
   <link_errors>0x0</link_errors>
   <output_file>C:\Users\86182\workspace_ccstheia\empty_LP_MSPM0G3507_nortos_ticlang\Debug\empty_LP_MSPM0G3507_nortos_ticlang.out</output_file>
   <entry_point>
      <name>_c_int00_noargs</name>
      <address>0x6685</address>
   </entry_point>
   <input_file_list>
      <input_file id="fl-1">
         <path>C:\Users\86182\workspace_ccstheia\empty_LP_MSPM0G3507_nortos_ticlang\Debug\.\</path>
         <kind>object</kind>
         <file>ti_msp_dl_config.o</file>
         <name>ti_msp_dl_config.o</name>
      </input_file>
      <input_file id="fl-2">
         <path>C:\Users\86182\workspace_ccstheia\empty_LP_MSPM0G3507_nortos_ticlang\Debug\.\</path>
         <kind>object</kind>
         <file>startup_mspm0g350x_ticlang.o</file>
         <name>startup_mspm0g350x_ticlang.o</name>
      </input_file>
      <input_file id="fl-3">
         <path>C:\Users\86182\workspace_ccstheia\empty_LP_MSPM0G3507_nortos_ticlang\Debug\.\Hardware\</path>
         <kind>object</kind>
         <file>All_Init.o</file>
         <name>All_Init.o</name>
      </input_file>
      <input_file id="fl-4">
         <path>C:\Users\86182\workspace_ccstheia\empty_LP_MSPM0G3507_nortos_ticlang\Debug\.\Hardware\</path>
         <kind>object</kind>
         <file>Emm42_v4.o</file>
         <name>Emm42_v4.o</name>
      </input_file>
      <input_file id="fl-5">
         <path>C:\Users\86182\workspace_ccstheia\empty_LP_MSPM0G3507_nortos_ticlang\Debug\.\Hardware\</path>
         <kind>object</kind>
         <file>JY61P.o</file>
         <name>JY61P.o</name>
      </input_file>
      <input_file id="fl-6">
         <path>C:\Users\86182\workspace_ccstheia\empty_LP_MSPM0G3507_nortos_ticlang\Debug\.\Hardware\</path>
         <kind>object</kind>
         <file>LED.o</file>
         <name>LED.o</name>
      </input_file>
      <input_file id="fl-7">
         <path>C:\Users\86182\workspace_ccstheia\empty_LP_MSPM0G3507_nortos_ticlang\Debug\.\Hardware\</path>
         <kind>object</kind>
         <file>PID.o</file>
         <name>PID.o</name>
      </input_file>
      <input_file id="fl-8">
         <path>C:\Users\86182\workspace_ccstheia\empty_LP_MSPM0G3507_nortos_ticlang\Debug\.\Hardware\</path>
         <kind>object</kind>
         <file>PWM.o</file>
         <name>PWM.o</name>
      </input_file>
      <input_file id="fl-9">
         <path>C:\Users\86182\workspace_ccstheia\empty_LP_MSPM0G3507_nortos_ticlang\Debug\.\Hardware\</path>
         <kind>object</kind>
         <file>Timer_G0.o</file>
         <name>Timer_G0.o</name>
      </input_file>
      <input_file id="fl-a">
         <path>C:\Users\86182\workspace_ccstheia\empty_LP_MSPM0G3507_nortos_ticlang\Debug\.\Hardware\</path>
         <kind>object</kind>
         <file>Timer_G6.o</file>
         <name>Timer_G6.o</name>
      </input_file>
      <input_file id="fl-b">
         <path>C:\Users\86182\workspace_ccstheia\empty_LP_MSPM0G3507_nortos_ticlang\Debug\.\Hardware\</path>
         <kind>object</kind>
         <file>buzzer.o</file>
         <name>buzzer.o</name>
      </input_file>
      <input_file id="fl-c">
         <path>C:\Users\86182\workspace_ccstheia\empty_LP_MSPM0G3507_nortos_ticlang\Debug\.\Hardware\</path>
         <kind>object</kind>
         <file>enconder.o</file>
         <name>enconder.o</name>
      </input_file>
      <input_file id="fl-d">
         <path>C:\Users\86182\workspace_ccstheia\empty_LP_MSPM0G3507_nortos_ticlang\Debug\.\Hardware\</path>
         <kind>object</kind>
         <file>grey.o</file>
         <name>grey.o</name>
      </input_file>
      <input_file id="fl-e">
         <path>C:\Users\86182\workspace_ccstheia\empty_LP_MSPM0G3507_nortos_ticlang\Debug\.\Hardware\</path>
         <kind>object</kind>
         <file>key.o</file>
         <name>key.o</name>
      </input_file>
      <input_file id="fl-f">
         <path>C:\Users\86182\workspace_ccstheia\empty_LP_MSPM0G3507_nortos_ticlang\Debug\.\Hardware\</path>
         <kind>object</kind>
         <file>main.o</file>
         <name>main.o</name>
      </input_file>
      <input_file id="fl-10">
         <path>C:\Users\86182\workspace_ccstheia\empty_LP_MSPM0G3507_nortos_ticlang\Debug\.\Hardware\</path>
         <kind>object</kind>
         <file>motor.o</file>
         <name>motor.o</name>
      </input_file>
      <input_file id="fl-11">
         <path>C:\Users\86182\workspace_ccstheia\empty_LP_MSPM0G3507_nortos_ticlang\Debug\.\Hardware\</path>
         <kind>object</kind>
         <file>uart_0.o</file>
         <name>uart_0.o</name>
      </input_file>
      <input_file id="fl-12">
         <path>C:\Users\86182\workspace_ccstheia\empty_LP_MSPM0G3507_nortos_ticlang\Debug\.\Hardware\</path>
         <kind>object</kind>
         <file>uart_1.o</file>
         <name>uart_1.o</name>
      </input_file>
      <input_file id="fl-13">
         <path>C:\Users\86182\workspace_ccstheia\empty_LP_MSPM0G3507_nortos_ticlang\Debug\.\Hardware\</path>
         <kind>object</kind>
         <file>uart_2.o</file>
         <name>uart_2.o</name>
      </input_file>
      <input_file id="fl-14">
         <path>C:\Users\86182\workspace_ccstheia\empty_LP_MSPM0G3507_nortos_ticlang\Debug\.\OLED\</path>
         <kind>object</kind>
         <file>oled.o</file>
         <name>oled.o</name>
      </input_file>
      <input_file id="fl-21">
         <path>C:\Users\86182\workspace_ccstheia\empty_LP_MSPM0G3507_nortos_ticlang\Debug\</path>
         <kind>object</kind>
         <file>&lt;internal&gt;</file>
         <name>&lt;internal&gt;</name>
      </input_file>
      <input_file id="fl-22">
         <path>C:\ti\mspm0_sdk_2_01_00_03\source\ti\driverlib\lib\ticlang\m0p\mspm0g1x0x_g3x0x\</path>
         <kind>archive</kind>
         <file>driverlib.a</file>
         <name>dl_common.o</name>
      </input_file>
      <input_file id="fl-23">
         <path>C:\ti\mspm0_sdk_2_01_00_03\source\ti\driverlib\lib\ticlang\m0p\mspm0g1x0x_g3x0x\</path>
         <kind>archive</kind>
         <file>driverlib.a</file>
         <name>dl_timer.o</name>
      </input_file>
      <input_file id="fl-24">
         <path>C:\ti\mspm0_sdk_2_01_00_03\source\ti\driverlib\lib\ticlang\m0p\mspm0g1x0x_g3x0x\</path>
         <kind>archive</kind>
         <file>driverlib.a</file>
         <name>dl_uart.o</name>
      </input_file>
      <input_file id="fl-25">
         <path>C:\ti\mspm0_sdk_2_01_00_03\source\ti\driverlib\lib\ticlang\m0p\mspm0g1x0x_g3x0x\</path>
         <kind>archive</kind>
         <file>driverlib.a</file>
         <name>dl_sysctl_mspm0g1x0x_g3x0x.o</name>
      </input_file>
      <input_file id="fl-34">
         <path>D:\ccstheia\ccs\tools\compiler\ti-cgt-armllvm_3.2.2.LTS\lib\armv6m-ti-none-eabi\c\</path>
         <kind>archive</kind>
         <file>libc.a</file>
         <name>printf.c.obj</name>
      </input_file>
      <input_file id="fl-35">
         <path>D:\ccstheia\ccs\tools\compiler\ti-cgt-armllvm_3.2.2.LTS\lib\armv6m-ti-none-eabi\c\</path>
         <kind>archive</kind>
         <file>libc.a</file>
         <name>_printfi.c.obj</name>
      </input_file>
      <input_file id="fl-36">
         <path>D:\ccstheia\ccs\tools\compiler\ti-cgt-armllvm_3.2.2.LTS\lib\armv6m-ti-none-eabi\c\</path>
         <kind>archive</kind>
         <file>libc.a</file>
         <name>sprintf.c.obj</name>
      </input_file>
      <input_file id="fl-37">
         <path>D:\ccstheia\ccs\tools\compiler\ti-cgt-armllvm_3.2.2.LTS\lib\armv6m-ti-none-eabi\c\</path>
         <kind>archive</kind>
         <file>libc.a</file>
         <name>s_frexp.c.obj</name>
      </input_file>
      <input_file id="fl-38">
         <path>D:\ccstheia\ccs\tools\compiler\ti-cgt-armllvm_3.2.2.LTS\lib\armv6m-ti-none-eabi\c\</path>
         <kind>archive</kind>
         <file>libc.a</file>
         <name>s_scalbn.c.obj</name>
      </input_file>
      <input_file id="fl-39">
         <path>D:\ccstheia\ccs\tools\compiler\ti-cgt-armllvm_3.2.2.LTS\lib\armv6m-ti-none-eabi\c\</path>
         <kind>archive</kind>
         <file>libc.a</file>
         <name>aeabi_portable.c.obj</name>
      </input_file>
      <input_file id="fl-3a">
         <path>D:\ccstheia\ccs\tools\compiler\ti-cgt-armllvm_3.2.2.LTS\lib\armv6m-ti-none-eabi\c\</path>
         <kind>archive</kind>
         <file>libc.a</file>
         <name>_lock.c.obj</name>
      </input_file>
      <input_file id="fl-3b">
         <path>D:\ccstheia\ccs\tools\compiler\ti-cgt-armllvm_3.2.2.LTS\lib\armv6m-ti-none-eabi\c\</path>
         <kind>archive</kind>
         <file>libc.a</file>
         <name>_ltoa.c.obj</name>
      </input_file>
      <input_file id="fl-3c">
         <path>D:\ccstheia\ccs\tools\compiler\ti-cgt-armllvm_3.2.2.LTS\lib\armv6m-ti-none-eabi\c\</path>
         <kind>archive</kind>
         <file>libc.a</file>
         <name>assert.c.obj</name>
      </input_file>
      <input_file id="fl-3d">
         <path>D:\ccstheia\ccs\tools\compiler\ti-cgt-armllvm_3.2.2.LTS\lib\armv6m-ti-none-eabi\c\</path>
         <kind>archive</kind>
         <file>libc.a</file>
         <name>atoi.c.obj</name>
      </input_file>
      <input_file id="fl-3e">
         <path>D:\ccstheia\ccs\tools\compiler\ti-cgt-armllvm_3.2.2.LTS\lib\armv6m-ti-none-eabi\c\</path>
         <kind>archive</kind>
         <file>libc.a</file>
         <name>defs.c.obj</name>
      </input_file>
      <input_file id="fl-3f">
         <path>D:\ccstheia\ccs\tools\compiler\ti-cgt-armllvm_3.2.2.LTS\lib\armv6m-ti-none-eabi\c\</path>
         <kind>archive</kind>
         <file>libc.a</file>
         <name>memccpy.c.obj</name>
      </input_file>
      <input_file id="fl-40">
         <path>D:\ccstheia\ccs\tools\compiler\ti-cgt-armllvm_3.2.2.LTS\lib\armv6m-ti-none-eabi\c\</path>
         <kind>archive</kind>
         <file>libc.a</file>
         <name>memory.c.obj</name>
      </input_file>
      <input_file id="fl-41">
         <path>D:\ccstheia\ccs\tools\compiler\ti-cgt-armllvm_3.2.2.LTS\lib\armv6m-ti-none-eabi\c\</path>
         <kind>archive</kind>
         <file>libc.a</file>
         <name>strlen.c.obj</name>
      </input_file>
      <input_file id="fl-42">
         <path>D:\ccstheia\ccs\tools\compiler\ti-cgt-armllvm_3.2.2.LTS\lib\armv6m-ti-none-eabi\c\</path>
         <kind>archive</kind>
         <file>libc.a</file>
         <name>boot_cortex_m.c.obj</name>
      </input_file>
      <input_file id="fl-43">
         <path>D:\ccstheia\ccs\tools\compiler\ti-cgt-armllvm_3.2.2.LTS\lib\armv6m-ti-none-eabi\c\</path>
         <kind>archive</kind>
         <file>libc.a</file>
         <name>mathacl_init.c.obj</name>
      </input_file>
      <input_file id="fl-44">
         <path>D:\ccstheia\ccs\tools\compiler\ti-cgt-armllvm_3.2.2.LTS\lib\armv6m-ti-none-eabi\c\</path>
         <kind>archive</kind>
         <file>libc.a</file>
         <name>autoinit.c.obj</name>
      </input_file>
      <input_file id="fl-45">
         <path>D:\ccstheia\ccs\tools\compiler\ti-cgt-armllvm_3.2.2.LTS\lib\armv6m-ti-none-eabi\c\</path>
         <kind>archive</kind>
         <file>libc.a</file>
         <name>pre_init.c.obj</name>
      </input_file>
      <input_file id="fl-46">
         <path>D:\ccstheia\ccs\tools\compiler\ti-cgt-armllvm_3.2.2.LTS\lib\armv6m-ti-none-eabi\c\</path>
         <kind>archive</kind>
         <file>libc.a</file>
         <name>cpy_tbl.c.obj</name>
      </input_file>
      <input_file id="fl-47">
         <path>D:\ccstheia\ccs\tools\compiler\ti-cgt-armllvm_3.2.2.LTS\lib\armv6m-ti-none-eabi\c\</path>
         <kind>archive</kind>
         <file>libc.a</file>
         <name>copy_zero_init.c.obj</name>
      </input_file>
      <input_file id="fl-48">
         <path>D:\ccstheia\ccs\tools\compiler\ti-cgt-armllvm_3.2.2.LTS\lib\armv6m-ti-none-eabi\c\</path>
         <kind>archive</kind>
         <file>libc.a</file>
         <name>copy_decompress_none.c.obj</name>
      </input_file>
      <input_file id="fl-49">
         <path>D:\ccstheia\ccs\tools\compiler\ti-cgt-armllvm_3.2.2.LTS\lib\armv6m-ti-none-eabi\c\</path>
         <kind>archive</kind>
         <file>libc.a</file>
         <name>copy_decompress_lzss.c.obj</name>
      </input_file>
      <input_file id="fl-4a">
         <path>D:\ccstheia\ccs\tools\compiler\ti-cgt-armllvm_3.2.2.LTS\lib\armv6m-ti-none-eabi\c\</path>
         <kind>archive</kind>
         <file>libc.a</file>
         <name>wcslen.c.obj</name>
      </input_file>
      <input_file id="fl-4b">
         <path>D:\ccstheia\ccs\tools\compiler\ti-cgt-armllvm_3.2.2.LTS\lib\armv6m-ti-none-eabi\c\</path>
         <kind>archive</kind>
         <file>libc.a</file>
         <name>fflush.c.obj</name>
      </input_file>
      <input_file id="fl-4c">
         <path>D:\ccstheia\ccs\tools\compiler\ti-cgt-armllvm_3.2.2.LTS\lib\armv6m-ti-none-eabi\c\</path>
         <kind>archive</kind>
         <file>libc.a</file>
         <name>aeabi_ctype.S.obj</name>
      </input_file>
      <input_file id="fl-4d">
         <path>D:\ccstheia\ccs\tools\compiler\ti-cgt-armllvm_3.2.2.LTS\lib\armv6m-ti-none-eabi\c\</path>
         <kind>archive</kind>
         <file>libc.a</file>
         <name>exit.c.obj</name>
      </input_file>
      <input_file id="fl-4e">
         <path>D:\ccstheia\ccs\tools\compiler\ti-cgt-armllvm_3.2.2.LTS\lib\armv6m-ti-none-eabi\c\</path>
         <kind>archive</kind>
         <file>libc.a</file>
         <name>args_main.c.obj</name>
      </input_file>
      <input_file id="fl-b4">
         <path>D:\ccstheia\ccs\tools\compiler\ti-cgt-armllvm_3.2.2.LTS\lib\armv6m-ti-none-eabi\c\</path>
         <kind>archive</kind>
         <file>libsysbm.a</file>
         <name>write.c.obj</name>
      </input_file>
      <input_file id="fl-b5">
         <path>D:\ccstheia\ccs\tools\compiler\ti-cgt-armllvm_3.2.2.LTS\lib\armv6m-ti-none-eabi\c\</path>
         <kind>archive</kind>
         <file>libsysbm.a</file>
         <name>host_device.c.obj</name>
      </input_file>
      <input_file id="fl-b6">
         <path>D:\ccstheia\ccs\tools\compiler\ti-cgt-armllvm_3.2.2.LTS\lib\armv6m-ti-none-eabi\c\</path>
         <kind>archive</kind>
         <file>libsysbm.a</file>
         <name>hostclose.c.obj</name>
      </input_file>
      <input_file id="fl-b7">
         <path>D:\ccstheia\ccs\tools\compiler\ti-cgt-armllvm_3.2.2.LTS\lib\armv6m-ti-none-eabi\c\</path>
         <kind>archive</kind>
         <file>libsysbm.a</file>
         <name>hostlseek.c.obj</name>
      </input_file>
      <input_file id="fl-b8">
         <path>D:\ccstheia\ccs\tools\compiler\ti-cgt-armllvm_3.2.2.LTS\lib\armv6m-ti-none-eabi\c\</path>
         <kind>archive</kind>
         <file>libsysbm.a</file>
         <name>hostopen.c.obj</name>
      </input_file>
      <input_file id="fl-b9">
         <path>D:\ccstheia\ccs\tools\compiler\ti-cgt-armllvm_3.2.2.LTS\lib\armv6m-ti-none-eabi\c\</path>
         <kind>archive</kind>
         <file>libsysbm.a</file>
         <name>hostread.c.obj</name>
      </input_file>
      <input_file id="fl-ba">
         <path>D:\ccstheia\ccs\tools\compiler\ti-cgt-armllvm_3.2.2.LTS\lib\armv6m-ti-none-eabi\c\</path>
         <kind>archive</kind>
         <file>libsysbm.a</file>
         <name>hostrename.c.obj</name>
      </input_file>
      <input_file id="fl-bb">
         <path>D:\ccstheia\ccs\tools\compiler\ti-cgt-armllvm_3.2.2.LTS\lib\armv6m-ti-none-eabi\c\</path>
         <kind>archive</kind>
         <file>libsysbm.a</file>
         <name>hostunlink.c.obj</name>
      </input_file>
      <input_file id="fl-bc">
         <path>D:\ccstheia\ccs\tools\compiler\ti-cgt-armllvm_3.2.2.LTS\lib\armv6m-ti-none-eabi\c\</path>
         <kind>archive</kind>
         <file>libsysbm.a</file>
         <name>hostwrite.c.obj</name>
      </input_file>
      <input_file id="fl-bd">
         <path>D:\ccstheia\ccs\tools\compiler\ti-cgt-armllvm_3.2.2.LTS\lib\armv6m-ti-none-eabi\c\</path>
         <kind>archive</kind>
         <file>libsysbm.a</file>
         <name>trgmsg.c.obj</name>
      </input_file>
      <input_file id="fl-be">
         <path>D:\ccstheia\ccs\tools\compiler\ti-cgt-armllvm_3.2.2.LTS\lib\clang\15.0.7\lib\armv6m-ti-none-eabi\</path>
         <kind>archive</kind>
         <file>libclang_rt.builtins.a</file>
         <name>addsf3.S.obj</name>
      </input_file>
      <input_file id="fl-bf">
         <path>D:\ccstheia\ccs\tools\compiler\ti-cgt-armllvm_3.2.2.LTS\lib\clang\15.0.7\lib\armv6m-ti-none-eabi\</path>
         <kind>archive</kind>
         <file>libclang_rt.builtins.a</file>
         <name>adddf3.S.obj</name>
      </input_file>
      <input_file id="fl-c0">
         <path>D:\ccstheia\ccs\tools\compiler\ti-cgt-armllvm_3.2.2.LTS\lib\clang\15.0.7\lib\armv6m-ti-none-eabi\</path>
         <kind>archive</kind>
         <file>libclang_rt.builtins.a</file>
         <name>muldf3.S.obj</name>
      </input_file>
      <input_file id="fl-c1">
         <path>D:\ccstheia\ccs\tools\compiler\ti-cgt-armllvm_3.2.2.LTS\lib\clang\15.0.7\lib\armv6m-ti-none-eabi\</path>
         <kind>archive</kind>
         <file>libclang_rt.builtins.a</file>
         <name>muldsi3.S.obj</name>
      </input_file>
      <input_file id="fl-c2">
         <path>D:\ccstheia\ccs\tools\compiler\ti-cgt-armllvm_3.2.2.LTS\lib\clang\15.0.7\lib\armv6m-ti-none-eabi\</path>
         <kind>archive</kind>
         <file>libclang_rt.builtins.a</file>
         <name>mulsf3.S.obj</name>
      </input_file>
      <input_file id="fl-c3">
         <path>D:\ccstheia\ccs\tools\compiler\ti-cgt-armllvm_3.2.2.LTS\lib\clang\15.0.7\lib\armv6m-ti-none-eabi\</path>
         <kind>archive</kind>
         <file>libclang_rt.builtins.a</file>
         <name>divsf3.S.obj</name>
      </input_file>
      <input_file id="fl-c4">
         <path>D:\ccstheia\ccs\tools\compiler\ti-cgt-armllvm_3.2.2.LTS\lib\clang\15.0.7\lib\armv6m-ti-none-eabi\</path>
         <kind>archive</kind>
         <file>libclang_rt.builtins.a</file>
         <name>divdf3.S.obj</name>
      </input_file>
      <input_file id="fl-c5">
         <path>D:\ccstheia\ccs\tools\compiler\ti-cgt-armllvm_3.2.2.LTS\lib\clang\15.0.7\lib\armv6m-ti-none-eabi\</path>
         <kind>archive</kind>
         <file>libclang_rt.builtins.a</file>
         <name>extendsfdf2.S.obj</name>
      </input_file>
      <input_file id="fl-c6">
         <path>D:\ccstheia\ccs\tools\compiler\ti-cgt-armllvm_3.2.2.LTS\lib\clang\15.0.7\lib\armv6m-ti-none-eabi\</path>
         <kind>archive</kind>
         <file>libclang_rt.builtins.a</file>
         <name>fixdfsi.S.obj</name>
      </input_file>
      <input_file id="fl-c7">
         <path>D:\ccstheia\ccs\tools\compiler\ti-cgt-armllvm_3.2.2.LTS\lib\clang\15.0.7\lib\armv6m-ti-none-eabi\</path>
         <kind>archive</kind>
         <file>libclang_rt.builtins.a</file>
         <name>fixsfsi.S.obj</name>
      </input_file>
      <input_file id="fl-c8">
         <path>D:\ccstheia\ccs\tools\compiler\ti-cgt-armllvm_3.2.2.LTS\lib\clang\15.0.7\lib\armv6m-ti-none-eabi\</path>
         <kind>archive</kind>
         <file>libclang_rt.builtins.a</file>
         <name>fixunssfsi.S.obj</name>
      </input_file>
      <input_file id="fl-c9">
         <path>D:\ccstheia\ccs\tools\compiler\ti-cgt-armllvm_3.2.2.LTS\lib\clang\15.0.7\lib\armv6m-ti-none-eabi\</path>
         <kind>archive</kind>
         <file>libclang_rt.builtins.a</file>
         <name>floatsidf.S.obj</name>
      </input_file>
      <input_file id="fl-ca">
         <path>D:\ccstheia\ccs\tools\compiler\ti-cgt-armllvm_3.2.2.LTS\lib\clang\15.0.7\lib\armv6m-ti-none-eabi\</path>
         <kind>archive</kind>
         <file>libclang_rt.builtins.a</file>
         <name>floatsisf.S.obj</name>
      </input_file>
      <input_file id="fl-cb">
         <path>D:\ccstheia\ccs\tools\compiler\ti-cgt-armllvm_3.2.2.LTS\lib\clang\15.0.7\lib\armv6m-ti-none-eabi\</path>
         <kind>archive</kind>
         <file>libclang_rt.builtins.a</file>
         <name>muldi3.S.obj</name>
      </input_file>
      <input_file id="fl-cc">
         <path>D:\ccstheia\ccs\tools\compiler\ti-cgt-armllvm_3.2.2.LTS\lib\clang\15.0.7\lib\armv6m-ti-none-eabi\</path>
         <kind>archive</kind>
         <file>libclang_rt.builtins.a</file>
         <name>aeabi_dcmp.S.obj</name>
      </input_file>
      <input_file id="fl-cd">
         <path>D:\ccstheia\ccs\tools\compiler\ti-cgt-armllvm_3.2.2.LTS\lib\clang\15.0.7\lib\armv6m-ti-none-eabi\</path>
         <kind>archive</kind>
         <file>libclang_rt.builtins.a</file>
         <name>aeabi_fcmp.S.obj</name>
      </input_file>
      <input_file id="fl-ce">
         <path>D:\ccstheia\ccs\tools\compiler\ti-cgt-armllvm_3.2.2.LTS\lib\clang\15.0.7\lib\armv6m-ti-none-eabi\</path>
         <kind>archive</kind>
         <file>libclang_rt.builtins.a</file>
         <name>aeabi_idivmod.S.obj</name>
      </input_file>
      <input_file id="fl-cf">
         <path>D:\ccstheia\ccs\tools\compiler\ti-cgt-armllvm_3.2.2.LTS\lib\clang\15.0.7\lib\armv6m-ti-none-eabi\</path>
         <kind>archive</kind>
         <file>libclang_rt.builtins.a</file>
         <name>aeabi_memcpy.S.obj</name>
      </input_file>
      <input_file id="fl-d0">
         <path>D:\ccstheia\ccs\tools\compiler\ti-cgt-armllvm_3.2.2.LTS\lib\clang\15.0.7\lib\armv6m-ti-none-eabi\</path>
         <kind>archive</kind>
         <file>libclang_rt.builtins.a</file>
         <name>aeabi_memset.S.obj</name>
      </input_file>
      <input_file id="fl-d1">
         <path>D:\ccstheia\ccs\tools\compiler\ti-cgt-armllvm_3.2.2.LTS\lib\clang\15.0.7\lib\armv6m-ti-none-eabi\</path>
         <kind>archive</kind>
         <file>libclang_rt.builtins.a</file>
         <name>aeabi_uidivmod.S.obj</name>
      </input_file>
      <input_file id="fl-d2">
         <path>D:\ccstheia\ccs\tools\compiler\ti-cgt-armllvm_3.2.2.LTS\lib\clang\15.0.7\lib\armv6m-ti-none-eabi\</path>
         <kind>archive</kind>
         <file>libclang_rt.builtins.a</file>
         <name>aeabi_uldivmod.S.obj</name>
      </input_file>
      <input_file id="fl-d3">
         <path>D:\ccstheia\ccs\tools\compiler\ti-cgt-armllvm_3.2.2.LTS\lib\clang\15.0.7\lib\armv6m-ti-none-eabi\</path>
         <kind>archive</kind>
         <file>libclang_rt.builtins.a</file>
         <name>comparesf2.S.obj</name>
      </input_file>
      <input_file id="fl-d4">
         <path>D:\ccstheia\ccs\tools\compiler\ti-cgt-armllvm_3.2.2.LTS\lib\clang\15.0.7\lib\armv6m-ti-none-eabi\</path>
         <kind>archive</kind>
         <file>libclang_rt.builtins.a</file>
         <name>udivmoddi4.S.obj</name>
      </input_file>
      <input_file id="fl-d5">
         <path>D:\ccstheia\ccs\tools\compiler\ti-cgt-armllvm_3.2.2.LTS\lib\clang\15.0.7\lib\armv6m-ti-none-eabi\</path>
         <kind>archive</kind>
         <file>libclang_rt.builtins.a</file>
         <name>ashldi3.S.obj</name>
      </input_file>
      <input_file id="fl-d6">
         <path>D:\ccstheia\ccs\tools\compiler\ti-cgt-armllvm_3.2.2.LTS\lib\clang\15.0.7\lib\armv6m-ti-none-eabi\</path>
         <kind>archive</kind>
         <file>libclang_rt.builtins.a</file>
         <name>comparedf2.c.obj</name>
      </input_file>
      <input_file id="fl-d7">
         <path>D:\ccstheia\ccs\tools\compiler\ti-cgt-armllvm_3.2.2.LTS\lib\clang\15.0.7\lib\armv6m-ti-none-eabi\</path>
         <kind>archive</kind>
         <file>libclang_rt.builtins.a</file>
         <name>aeabi_div0.c.obj</name>
      </input_file>
      <input_file id="fl-d8">
         <path>D:\ccstheia\ccs\tools\compiler\ti-cgt-armllvm_3.2.2.LTS\lib\armv6m-ti-none-eabi\c\</path>
         <kind>archive</kind>
         <file>libc.a</file>
         <name>memcpy16.S.obj</name>
      </input_file>
      <input_file id="fl-d9">
         <path>D:\ccstheia\ccs\tools\compiler\ti-cgt-armllvm_3.2.2.LTS\lib\armv6m-ti-none-eabi\c\</path>
         <kind>archive</kind>
         <file>libc.a</file>
         <name>memset16.S.obj</name>
      </input_file>
   </input_file_list>
   <object_component_list>
      <object_component id="oc-18">
         <name>.intvecs</name>
         <load_address>0x0</load_address>
         <readonly>true</readonly>
         <run_address>0x0</run_address>
         <size>0xc0</size>
         <alignment>0x4</alignment>
         <input_file_ref idref="fl-2"/>
      </object_component>
      <object_component id="oc-21e">
         <name>.text:__TI_printfi</name>
         <load_address>0xc0</load_address>
         <readonly>true</readonly>
         <executable>true</executable>
         <run_address>0xc0</run_address>
         <size>0xa00</size>
         <alignment>0x4</alignment>
         <input_file_ref idref="fl-35"/>
      </object_component>
      <object_component id="oc-14c">
         <name>.text.move_task4</name>
         <load_address>0xac0</load_address>
         <readonly>true</readonly>
         <executable>true</executable>
         <run_address>0xac0</run_address>
         <size>0x808</size>
         <alignment>0x4</alignment>
         <input_file_ref idref="fl-f"/>
      </object_component>
      <object_component id="oc-b6">
         <name>.text.calculate</name>
         <load_address>0x12c8</load_address>
         <readonly>true</readonly>
         <executable>true</executable>
         <run_address>0x12c8</run_address>
         <size>0x708</size>
         <alignment>0x4</alignment>
         <input_file_ref idref="fl-f"/>
      </object_component>
      <object_component id="oc-b8">
         <name>.text.Rage_engine</name>
         <load_address>0x19d0</load_address>
         <readonly>true</readonly>
         <executable>true</executable>
         <run_address>0x19d0</run_address>
         <size>0x700</size>
         <alignment>0x4</alignment>
         <input_file_ref idref="fl-f"/>
      </object_component>
      <object_component id="oc-b9">
         <name>.text.calculate_rage</name>
         <load_address>0x20d0</load_address>
         <readonly>true</readonly>
         <executable>true</executable>
         <run_address>0x20d0</run_address>
         <size>0x700</size>
         <alignment>0x4</alignment>
         <input_file_ref idref="fl-f"/>
      </object_component>
      <object_component id="oc-cd">
         <name>.text.main</name>
         <load_address>0x27d0</load_address>
         <readonly>true</readonly>
         <executable>true</executable>
         <run_address>0x27d0</run_address>
         <size>0x2b4</size>
         <alignment>0x4</alignment>
         <input_file_ref idref="fl-f"/>
      </object_component>
      <object_component id="oc-14a">
         <name>.text.move_task2</name>
         <load_address>0x2a84</load_address>
         <readonly>true</readonly>
         <executable>true</executable>
         <run_address>0x2a84</run_address>
         <size>0x2a8</size>
         <alignment>0x4</alignment>
         <input_file_ref idref="fl-f"/>
      </object_component>
      <object_component id="oc-2a2">
         <name>.text._pconv_a</name>
         <load_address>0x2d2c</load_address>
         <readonly>true</readonly>
         <executable>true</executable>
         <run_address>0x2d2c</run_address>
         <size>0x220</size>
         <alignment>0x4</alignment>
         <input_file_ref idref="fl-35"/>
      </object_component>
      <object_component id="oc-14b">
         <name>.text.move_task3</name>
         <load_address>0x2f4c</load_address>
         <readonly>true</readonly>
         <executable>true</executable>
         <run_address>0x2f4c</run_address>
         <size>0x1e0</size>
         <alignment>0x4</alignment>
         <input_file_ref idref="fl-f"/>
      </object_component>
      <object_component id="oc-2a5">
         <name>.text._pconv_g</name>
         <load_address>0x312c</load_address>
         <readonly>true</readonly>
         <executable>true</executable>
         <run_address>0x312c</run_address>
         <size>0x1dc</size>
         <alignment>0x4</alignment>
         <input_file_ref idref="fl-35"/>
      </object_component>
      <object_component id="oc-9f">
         <name>.text.grey_GetNum</name>
         <load_address>0x3308</load_address>
         <readonly>true</readonly>
         <executable>true</executable>
         <run_address>0x3308</run_address>
         <size>0x1d8</size>
         <alignment>0x4</alignment>
         <input_file_ref idref="fl-d"/>
      </object_component>
      <object_component id="oc-43">
         <name>.text.UART0_IRQHandler</name>
         <load_address>0x34e0</load_address>
         <readonly>true</readonly>
         <executable>true</executable>
         <run_address>0x34e0</run_address>
         <size>0x1c8</size>
         <alignment>0x4</alignment>
         <input_file_ref idref="fl-11"/>
      </object_component>
      <object_component id="oc-3e">
         <name>.text.UART2_IRQHandler</name>
         <load_address>0x36a8</load_address>
         <readonly>true</readonly>
         <executable>true</executable>
         <run_address>0x36a8</run_address>
         <size>0x1c8</size>
         <alignment>0x4</alignment>
         <input_file_ref idref="fl-13"/>
      </object_component>
      <object_component id="oc-79">
         <name>.text.jy_read</name>
         <load_address>0x3870</load_address>
         <readonly>true</readonly>
         <executable>true</executable>
         <run_address>0x3870</run_address>
         <size>0x19c</size>
         <alignment>0x4</alignment>
         <input_file_ref idref="fl-5"/>
      </object_component>
      <object_component id="oc-1f7">
         <name>.text.SYSCFG_DL_GPIO_init</name>
         <load_address>0x3a0c</load_address>
         <readonly>true</readonly>
         <executable>true</executable>
         <run_address>0x3a0c</run_address>
         <size>0x198</size>
         <alignment>0x4</alignment>
         <input_file_ref idref="fl-1"/>
      </object_component>
      <object_component id="oc-2f8">
         <name>.text.adddf3_subdf3</name>
         <load_address>0x3ba4</load_address>
         <readonly>true</readonly>
         <executable>true</executable>
         <run_address>0x3ba4</run_address>
         <size>0x192</size>
         <alignment>0x4</alignment>
         <input_file_ref idref="fl-bf"/>
      </object_component>
      <object_component id="oc-2a6">
         <name>.text.__aeabi_idiv0</name>
         <load_address>0x3d36</load_address>
         <readonly>true</readonly>
         <executable>true</executable>
         <run_address>0x3d36</run_address>
         <size>0x2</size>
         <alignment>0x2</alignment>
         <input_file_ref idref="fl-d7"/>
      </object_component>
      <object_component id="oc-2f7">
         <name>.text.fcvt</name>
         <load_address>0x3d38</load_address>
         <readonly>true</readonly>
         <executable>true</executable>
         <run_address>0x3d38</run_address>
         <size>0x13c</size>
         <alignment>0x4</alignment>
         <input_file_ref idref="fl-35"/>
      </object_component>
      <object_component id="oc-2a3">
         <name>.text._pconv_e</name>
         <load_address>0x3e74</load_address>
         <readonly>true</readonly>
         <executable>true</executable>
         <run_address>0x3e74</run_address>
         <size>0x120</size>
         <alignment>0x4</alignment>
         <input_file_ref idref="fl-35"/>
      </object_component>
      <object_component id="oc-1c5">
         <name>.text.OLED_ShowChar</name>
         <load_address>0x3f94</load_address>
         <readonly>true</readonly>
         <executable>true</executable>
         <run_address>0x3f94</run_address>
         <size>0x118</size>
         <alignment>0x4</alignment>
         <input_file_ref idref="fl-14"/>
      </object_component>
      <object_component id="oc-2f3">
         <name>.text.__divdf3</name>
         <load_address>0x40ac</load_address>
         <readonly>true</readonly>
         <executable>true</executable>
         <run_address>0x40ac</run_address>
         <size>0x10c</size>
         <alignment>0x4</alignment>
         <input_file_ref idref="fl-c4"/>
      </object_component>
      <object_component id="oc-1b6">
         <name>.text.OLED_Init</name>
         <load_address>0x41b8</load_address>
         <readonly>true</readonly>
         <executable>true</executable>
         <run_address>0x41b8</run_address>
         <size>0xfa</size>
         <alignment>0x2</alignment>
         <input_file_ref idref="fl-14"/>
      </object_component>
      <object_component id="oc-302">
         <name>.text.__aeabi_ldiv0</name>
         <load_address>0x42b2</load_address>
         <readonly>true</readonly>
         <executable>true</executable>
         <run_address>0x42b2</run_address>
         <size>0x2</size>
         <alignment>0x2</alignment>
         <input_file_ref idref="fl-d7"/>
      </object_component>
      <object_component id="oc-149">
         <name>.text.move_task1</name>
         <load_address>0x42b4</load_address>
         <readonly>true</readonly>
         <executable>true</executable>
         <run_address>0x42b4</run_address>
         <size>0xf8</size>
         <alignment>0x4</alignment>
         <input_file_ref idref="fl-f"/>
      </object_component>
      <object_component id="oc-269">
         <name>.text.DL_Timer_initTimerMode</name>
         <load_address>0x43ac</load_address>
         <readonly>true</readonly>
         <executable>true</executable>
         <run_address>0x43ac</run_address>
         <size>0xe8</size>
         <alignment>0x4</alignment>
         <input_file_ref idref="fl-23"/>
      </object_component>
      <object_component id="oc-2ea">
         <name>.text.__muldf3</name>
         <load_address>0x4494</load_address>
         <readonly>true</readonly>
         <executable>true</executable>
         <run_address>0x4494</run_address>
         <size>0xe4</size>
         <alignment>0x4</alignment>
         <input_file_ref idref="fl-c0"/>
      </object_component>
      <object_component id="oc-258">
         <name>.text.DL_SYSCTL_configSYSPLL</name>
         <load_address>0x4578</load_address>
         <readonly>true</readonly>
         <executable>true</executable>
         <run_address>0x4578</run_address>
         <size>0xdc</size>
         <alignment>0x4</alignment>
         <input_file_ref idref="fl-25"/>
      </object_component>
      <object_component id="oc-2d9">
         <name>.text.scalbn</name>
         <load_address>0x4654</load_address>
         <readonly>true</readonly>
         <executable>true</executable>
         <run_address>0x4654</run_address>
         <size>0xd8</size>
         <alignment>0x4</alignment>
         <input_file_ref idref="fl-38"/>
      </object_component>
      <object_component id="oc-117">
         <name>.text</name>
         <load_address>0x472c</load_address>
         <readonly>true</readonly>
         <executable>true</executable>
         <run_address>0x472c</run_address>
         <size>0xd8</size>
         <alignment>0x4</alignment>
         <input_file_ref idref="fl-be"/>
      </object_component>
      <object_component id="oc-1f9">
         <name>.text.SYSCFG_DL_PWM_A0_init</name>
         <load_address>0x4804</load_address>
         <readonly>true</readonly>
         <executable>true</executable>
         <run_address>0x4804</run_address>
         <size>0xcc</size>
         <alignment>0x4</alignment>
         <input_file_ref idref="fl-1"/>
      </object_component>
      <object_component id="oc-2b6">
         <name>.text.DL_Timer_initPWMMode</name>
         <load_address>0x48d0</load_address>
         <readonly>true</readonly>
         <executable>true</executable>
         <run_address>0x48d0</run_address>
         <size>0xc4</size>
         <alignment>0x4</alignment>
         <input_file_ref idref="fl-23"/>
      </object_component>
      <object_component id="oc-12b">
         <name>.text.JY61P_Init</name>
         <load_address>0x4994</load_address>
         <readonly>true</readonly>
         <executable>true</executable>
         <run_address>0x4994</run_address>
         <size>0xc0</size>
         <alignment>0x4</alignment>
         <input_file_ref idref="fl-f"/>
      </object_component>
      <object_component id="oc-4d">
         <name>.text.TIMG6_IRQHandler</name>
         <load_address>0x4a54</load_address>
         <readonly>true</readonly>
         <executable>true</executable>
         <run_address>0x4a54</run_address>
         <size>0xbc</size>
         <alignment>0x4</alignment>
         <input_file_ref idref="fl-f"/>
      </object_component>
      <object_component id="oc-10a">
         <name>.text.i_PID_R</name>
         <load_address>0x4b10</load_address>
         <readonly>true</readonly>
         <executable>true</executable>
         <run_address>0x4b10</run_address>
         <size>0xbc</size>
         <alignment>0x4</alignment>
         <input_file_ref idref="fl-7"/>
      </object_component>
      <object_component id="oc-109">
         <name>.text.i_PID_L</name>
         <load_address>0x4bcc</load_address>
         <readonly>true</readonly>
         <executable>true</executable>
         <run_address>0x4bcc</run_address>
         <size>0xb8</size>
         <alignment>0x4</alignment>
         <input_file_ref idref="fl-7"/>
      </object_component>
      <object_component id="oc-189">
         <name>.text.left</name>
         <load_address>0x4c84</load_address>
         <readonly>true</readonly>
         <executable>true</executable>
         <run_address>0x4c84</run_address>
         <size>0xa4</size>
         <alignment>0x4</alignment>
         <input_file_ref idref="fl-10"/>
      </object_component>
      <object_component id="oc-2c8">
         <name>.text</name>
         <load_address>0x4d28</load_address>
         <readonly>true</readonly>
         <executable>true</executable>
         <run_address>0x4d28</run_address>
         <size>0xa2</size>
         <alignment>0x4</alignment>
         <input_file_ref idref="fl-d4"/>
      </object_component>
      <object_component id="oc-229">
         <name>.text._nop</name>
         <load_address>0x4dca</load_address>
         <readonly>true</readonly>
         <executable>true</executable>
         <run_address>0x4dca</run_address>
         <size>0x2</size>
         <alignment>0x2</alignment>
         <input_file_ref idref="fl-3a"/>
      </object_component>
      <object_component id="oc-1f6">
         <name>.text.SYSCFG_DL_initPower</name>
         <load_address>0x4dcc</load_address>
         <readonly>true</readonly>
         <executable>true</executable>
         <run_address>0x4dcc</run_address>
         <size>0xa0</size>
         <alignment>0x4</alignment>
         <input_file_ref idref="fl-1"/>
      </object_component>
      <object_component id="oc-34">
         <name>.text.GROUP1_IRQHandler</name>
         <load_address>0x4e6c</load_address>
         <readonly>true</readonly>
         <executable>true</executable>
         <run_address>0x4e6c</run_address>
         <size>0x9c</size>
         <alignment>0x4</alignment>
         <input_file_ref idref="fl-c"/>
      </object_component>
      <object_component id="oc-1f0">
         <name>.text.Set_Pwm</name>
         <load_address>0x4f08</load_address>
         <readonly>true</readonly>
         <executable>true</executable>
         <run_address>0x4f08</run_address>
         <size>0x9c</size>
         <alignment>0x4</alignment>
         <input_file_ref idref="fl-8"/>
      </object_component>
      <object_component id="oc-18e">
         <name>.text.right</name>
         <load_address>0x4fa4</load_address>
         <readonly>true</readonly>
         <executable>true</executable>
         <run_address>0x4fa4</run_address>
         <size>0x9c</size>
         <alignment>0x4</alignment>
         <input_file_ref idref="fl-10"/>
      </object_component>
      <object_component id="oc-48">
         <name>.text.TIMG0_IRQHandler</name>
         <load_address>0x5040</load_address>
         <readonly>true</readonly>
         <executable>true</executable>
         <run_address>0x5040</run_address>
         <size>0x98</size>
         <alignment>0x4</alignment>
         <input_file_ref idref="fl-f"/>
      </object_component>
      <object_component id="oc-b5">
         <name>.text.direction_go_JY</name>
         <load_address>0x50d8</load_address>
         <readonly>true</readonly>
         <executable>true</executable>
         <run_address>0x50d8</run_address>
         <size>0x90</size>
         <alignment>0x4</alignment>
         <input_file_ref idref="fl-f"/>
      </object_component>
      <object_component id="oc-e0">
         <name>.text.__mulsf3</name>
         <load_address>0x5168</load_address>
         <readonly>true</readonly>
         <executable>true</executable>
         <run_address>0x5168</run_address>
         <size>0x8c</size>
         <alignment>0x4</alignment>
         <input_file_ref idref="fl-c2"/>
      </object_component>
      <object_component id="oc-dc">
         <name>.text.__divsf3</name>
         <load_address>0x51f4</load_address>
         <readonly>true</readonly>
         <executable>true</executable>
         <run_address>0x51f4</run_address>
         <size>0x82</size>
         <alignment>0x4</alignment>
         <input_file_ref idref="fl-c3"/>
      </object_component>
      <object_component id="oc-262">
         <name>.text.DL_TimerA_initPWMMode</name>
         <load_address>0x5278</load_address>
         <readonly>true</readonly>
         <executable>true</executable>
         <run_address>0x5278</run_address>
         <size>0x80</size>
         <alignment>0x4</alignment>
         <input_file_ref idref="fl-23"/>
      </object_component>
      <object_component id="oc-114">
         <name>.text.p_pid_turn</name>
         <load_address>0x52f8</load_address>
         <readonly>true</readonly>
         <executable>true</executable>
         <run_address>0x52f8</run_address>
         <size>0x80</size>
         <alignment>0x4</alignment>
         <input_file_ref idref="fl-7"/>
      </object_component>
      <object_component id="oc-27c">
         <name>.text.Send_Byte</name>
         <load_address>0x5378</load_address>
         <readonly>true</readonly>
         <executable>true</executable>
         <run_address>0x5378</run_address>
         <size>0x7c</size>
         <alignment>0x4</alignment>
         <input_file_ref idref="fl-14"/>
      </object_component>
      <object_component id="oc-b4">
         <name>.text.direction_turn</name>
         <load_address>0x53f4</load_address>
         <readonly>true</readonly>
         <executable>true</executable>
         <run_address>0x53f4</run_address>
         <size>0x78</size>
         <alignment>0x4</alignment>
         <input_file_ref idref="fl-f"/>
      </object_component>
      <object_component id="oc-1c">
         <name>.text:decompress:lzss</name>
         <load_address>0x546c</load_address>
         <readonly>true</readonly>
         <executable>true</executable>
         <run_address>0x546c</run_address>
         <size>0x78</size>
         <alignment>0x4</alignment>
         <input_file_ref idref="fl-49"/>
      </object_component>
      <object_component id="oc-116">
         <name>.text.p_pid_JYgo</name>
         <load_address>0x54e4</load_address>
         <readonly>true</readonly>
         <executable>true</executable>
         <run_address>0x54e4</run_address>
         <size>0x74</size>
         <alignment>0x4</alignment>
         <input_file_ref idref="fl-7"/>
      </object_component>
      <object_component id="oc-136">
         <name>.text.OLED_ShowString</name>
         <load_address>0x5558</load_address>
         <readonly>true</readonly>
         <executable>true</executable>
         <run_address>0x5558</run_address>
         <size>0x70</size>
         <alignment>0x2</alignment>
         <input_file_ref idref="fl-14"/>
      </object_component>
      <object_component id="oc-2d3">
         <name>.text.__gedf2</name>
         <load_address>0x55c8</load_address>
         <readonly>true</readonly>
         <executable>true</executable>
         <run_address>0x55c8</run_address>
         <size>0x70</size>
         <alignment>0x4</alignment>
         <input_file_ref idref="fl-d6"/>
      </object_component>
      <object_component id="oc-2cd">
         <name>.text.__ledf2</name>
         <load_address>0x5638</load_address>
         <readonly>true</readonly>
         <executable>true</executable>
         <run_address>0x5638</run_address>
         <size>0x6c</size>
         <alignment>0x4</alignment>
         <input_file_ref idref="fl-d6"/>
      </object_component>
      <object_component id="oc-e4">
         <name>.text.fn</name>
         <load_address>0x56a4</load_address>
         <readonly>true</readonly>
         <executable>true</executable>
         <run_address>0x56a4</run_address>
         <size>0x6c</size>
         <alignment>0x4</alignment>
         <input_file_ref idref="fl-5"/>
      </object_component>
      <object_component id="oc-214">
         <name>.text.OLED_Clear</name>
         <load_address>0x5710</load_address>
         <readonly>true</readonly>
         <executable>true</executable>
         <run_address>0x5710</run_address>
         <size>0x6a</size>
         <alignment>0x2</alignment>
         <input_file_ref idref="fl-14"/>
      </object_component>
      <object_component id="oc-2f1">
         <name>.text._mcpy</name>
         <load_address>0x577a</load_address>
         <readonly>true</readonly>
         <executable>true</executable>
         <run_address>0x577a</run_address>
         <size>0x66</size>
         <alignment>0x2</alignment>
         <input_file_ref idref="fl-35"/>
      </object_component>
      <object_component id="oc-29e">
         <name>.text.__aeabi_dcmp</name>
         <load_address>0x57e0</load_address>
         <readonly>true</readonly>
         <executable>true</executable>
         <run_address>0x57e0</run_address>
         <size>0x62</size>
         <alignment>0x4</alignment>
         <input_file_ref idref="fl-cc"/>
      </object_component>
      <object_component id="oc-172">
         <name>.text.__aeabi_fcmp</name>
         <load_address>0x5844</load_address>
         <readonly>true</readonly>
         <executable>true</executable>
         <run_address>0x5844</run_address>
         <size>0x62</size>
         <alignment>0x4</alignment>
         <input_file_ref idref="fl-cd"/>
      </object_component>
      <object_component id="oc-b7">
         <name>.text.direction</name>
         <load_address>0x58a8</load_address>
         <readonly>true</readonly>
         <executable>true</executable>
         <run_address>0x58a8</run_address>
         <size>0x60</size>
         <alignment>0x4</alignment>
         <input_file_ref idref="fl-f"/>
      </object_component>
      <object_component id="oc-2d5">
         <name>.text.frexp</name>
         <load_address>0x5908</load_address>
         <readonly>true</readonly>
         <executable>true</executable>
         <run_address>0x5908</run_address>
         <size>0x5c</size>
         <alignment>0x4</alignment>
         <input_file_ref idref="fl-37"/>
      </object_component>
      <object_component id="oc-13e">
         <name>.text.printf</name>
         <load_address>0x5964</load_address>
         <readonly>true</readonly>
         <executable>true</executable>
         <run_address>0x5964</run_address>
         <size>0x5c</size>
         <alignment>0x4</alignment>
         <input_file_ref idref="fl-34"/>
      </object_component>
      <object_component id="oc-1dc">
         <name>.text.turn</name>
         <load_address>0x59c0</load_address>
         <readonly>true</readonly>
         <executable>true</executable>
         <run_address>0x59c0</run_address>
         <size>0x5c</size>
         <alignment>0x4</alignment>
         <input_file_ref idref="fl-f"/>
      </object_component>
      <object_component id="oc-2e1">
         <name>.text.__TI_ltoa</name>
         <load_address>0x5a1c</load_address>
         <readonly>true</readonly>
         <executable>true</executable>
         <run_address>0x5a1c</run_address>
         <size>0x58</size>
         <alignment>0x2</alignment>
         <input_file_ref idref="fl-3b"/>
      </object_component>
      <object_component id="oc-2a4">
         <name>.text._pconv_f</name>
         <load_address>0x5a74</load_address>
         <readonly>true</readonly>
         <executable>true</executable>
         <run_address>0x5a74</run_address>
         <size>0x58</size>
         <alignment>0x2</alignment>
         <input_file_ref idref="fl-35"/>
      </object_component>
      <object_component id="oc-311">
         <name>.text.__aeabi_idivmod</name>
         <load_address>0x5acc</load_address>
         <readonly>true</readonly>
         <executable>true</executable>
         <run_address>0x5acc</run_address>
         <size>0x56</size>
         <alignment>0x4</alignment>
         <input_file_ref idref="fl-ce"/>
      </object_component>
      <object_component id="oc-2ef">
         <name>.text._ecpy</name>
         <load_address>0x5b22</load_address>
         <readonly>true</readonly>
         <executable>true</executable>
         <run_address>0x5b22</run_address>
         <size>0x52</size>
         <alignment>0x2</alignment>
         <input_file_ref idref="fl-35"/>
      </object_component>
      <object_component id="oc-232">
         <name>.text.fputs</name>
         <load_address>0x5b74</load_address>
         <readonly>true</readonly>
         <executable>true</executable>
         <run_address>0x5b74</run_address>
         <size>0x50</size>
         <alignment>0x4</alignment>
         <input_file_ref idref="fl-11"/>
      </object_component>
      <object_component id="oc-213">
         <name>.text.OLED_WR_Byte</name>
         <load_address>0x5bc4</load_address>
         <readonly>true</readonly>
         <executable>true</executable>
         <run_address>0x5bc4</run_address>
         <size>0x4e</size>
         <alignment>0x2</alignment>
         <input_file_ref idref="fl-14"/>
      </object_component>
      <object_component id="oc-272">
         <name>.text.DL_UART_setBaudRateDivisor</name>
         <load_address>0x5c14</load_address>
         <readonly>true</readonly>
         <executable>true</executable>
         <run_address>0x5c14</run_address>
         <size>0x4c</size>
         <alignment>0x4</alignment>
         <input_file_ref idref="fl-1"/>
      </object_component>
      <object_component id="oc-1fd">
         <name>.text.SYSCFG_DL_UART_1_init</name>
         <load_address>0x5c60</load_address>
         <readonly>true</readonly>
         <executable>true</executable>
         <run_address>0x5c60</run_address>
         <size>0x4c</size>
         <alignment>0x4</alignment>
         <input_file_ref idref="fl-1"/>
      </object_component>
      <object_component id="oc-2dd">
         <name>.text.__fixdfsi</name>
         <load_address>0x5cac</load_address>
         <readonly>true</readonly>
         <executable>true</executable>
         <run_address>0x5cac</run_address>
         <size>0x4a</size>
         <alignment>0x4</alignment>
         <input_file_ref idref="fl-c6"/>
      </object_component>
      <object_component id="oc-270">
         <name>.text.DL_UART_init</name>
         <load_address>0x5cf8</load_address>
         <readonly>true</readonly>
         <executable>true</executable>
         <run_address>0x5cf8</run_address>
         <size>0x48</size>
         <alignment>0x4</alignment>
         <input_file_ref idref="fl-24"/>
      </object_component>
      <object_component id="oc-1fc">
         <name>.text.SYSCFG_DL_UART_0_init</name>
         <load_address>0x5d40</load_address>
         <readonly>true</readonly>
         <executable>true</executable>
         <run_address>0x5d40</run_address>
         <size>0x48</size>
         <alignment>0x4</alignment>
         <input_file_ref idref="fl-1"/>
      </object_component>
      <object_component id="oc-1fe">
         <name>.text.SYSCFG_DL_UART_2_init</name>
         <load_address>0x5d88</load_address>
         <readonly>true</readonly>
         <executable>true</executable>
         <run_address>0x5d88</run_address>
         <size>0x48</size>
         <alignment>0x4</alignment>
         <input_file_ref idref="fl-1"/>
      </object_component>
      <object_component id="oc-b3">
         <name>.text.stop</name>
         <load_address>0x5dd0</load_address>
         <readonly>true</readonly>
         <executable>true</executable>
         <run_address>0x5dd0</run_address>
         <size>0x48</size>
         <alignment>0x4</alignment>
         <input_file_ref idref="fl-f"/>
      </object_component>
      <object_component id="oc-25f">
         <name>.text.DL_SYSCTL_switchMCLKfromSYSOSCtoHSCLK</name>
         <load_address>0x5e18</load_address>
         <readonly>true</readonly>
         <executable>true</executable>
         <run_address>0x5e18</run_address>
         <size>0x44</size>
         <alignment>0x4</alignment>
         <input_file_ref idref="fl-25"/>
      </object_component>
      <object_component id="oc-103">
         <name>.text.err_zero</name>
         <load_address>0x5e5c</load_address>
         <readonly>true</readonly>
         <executable>true</executable>
         <run_address>0x5e5c</run_address>
         <size>0x44</size>
         <alignment>0x4</alignment>
         <input_file_ref idref="fl-7"/>
      </object_component>
      <object_component id="oc-1a1">
         <name>.text.SYSCFG_DL_init</name>
         <load_address>0x5ea0</load_address>
         <readonly>true</readonly>
         <executable>true</executable>
         <run_address>0x5ea0</run_address>
         <size>0x40</size>
         <alignment>0x4</alignment>
         <input_file_ref idref="fl-1"/>
      </object_component>
      <object_component id="oc-220">
         <name>.text.__aeabi_uidivmod</name>
         <load_address>0x5ee0</load_address>
         <readonly>true</readonly>
         <executable>true</executable>
         <run_address>0x5ee0</run_address>
         <size>0x40</size>
         <alignment>0x4</alignment>
         <input_file_ref idref="fl-d1"/>
      </object_component>
      <object_component id="oc-12c">
         <name>.text.__extendsfdf2</name>
         <load_address>0x5f20</load_address>
         <readonly>true</readonly>
         <executable>true</executable>
         <run_address>0x5f20</run_address>
         <size>0x40</size>
         <alignment>0x4</alignment>
         <input_file_ref idref="fl-c5"/>
      </object_component>
      <object_component id="oc-288">
         <name>.text.atoi</name>
         <load_address>0x5f60</load_address>
         <readonly>true</readonly>
         <executable>true</executable>
         <run_address>0x5f60</run_address>
         <size>0x40</size>
         <alignment>0x4</alignment>
         <input_file_ref idref="fl-3d"/>
      </object_component>
      <object_component id="oc-182">
         <name>.text.pwm_control</name>
         <load_address>0x5fa0</load_address>
         <readonly>true</readonly>
         <executable>true</executable>
         <run_address>0x5fa0</run_address>
         <size>0x40</size>
         <alignment>0x4</alignment>
         <input_file_ref idref="fl-7"/>
      </object_component>
      <object_component id="oc-181">
         <name>.text.add_control</name>
         <load_address>0x5fe0</load_address>
         <readonly>true</readonly>
         <executable>true</executable>
         <run_address>0x5fe0</run_address>
         <size>0x3e</size>
         <alignment>0x2</alignment>
         <input_file_ref idref="fl-7"/>
      </object_component>
      <object_component id="oc-21f">
         <name>.text.OLED_Set_Pos</name>
         <load_address>0x601e</load_address>
         <readonly>true</readonly>
         <executable>true</executable>
         <run_address>0x601e</run_address>
         <size>0x3c</size>
         <alignment>0x2</alignment>
         <input_file_ref idref="fl-14"/>
      </object_component>
      <object_component id="oc-1f8">
         <name>.text.SYSCFG_DL_SYSCTL_init</name>
         <load_address>0x605c</load_address>
         <readonly>true</readonly>
         <executable>true</executable>
         <run_address>0x605c</run_address>
         <size>0x3c</size>
         <alignment>0x4</alignment>
         <input_file_ref idref="fl-1"/>
      </object_component>
      <object_component id="oc-39">
         <name>.text.UART1_IRQHandler</name>
         <load_address>0x6098</load_address>
         <readonly>true</readonly>
         <executable>true</executable>
         <run_address>0x6098</run_address>
         <size>0x3c</size>
         <alignment>0x4</alignment>
         <input_file_ref idref="fl-12"/>
      </object_component>
      <object_component id="oc-d8">
         <name>.text.__floatsisf</name>
         <load_address>0x60d4</load_address>
         <readonly>true</readonly>
         <executable>true</executable>
         <run_address>0x60d4</run_address>
         <size>0x3c</size>
         <alignment>0x4</alignment>
         <input_file_ref idref="fl-ca"/>
      </object_component>
      <object_component id="oc-1ee">
         <name>.text.__gtsf2</name>
         <load_address>0x6110</load_address>
         <readonly>true</readonly>
         <executable>true</executable>
         <run_address>0x6110</run_address>
         <size>0x3c</size>
         <alignment>0x4</alignment>
         <input_file_ref idref="fl-d3"/>
      </object_component>
      <object_component id="oc-144">
         <name>.text.buzzer</name>
         <load_address>0x614c</load_address>
         <readonly>true</readonly>
         <executable>true</executable>
         <run_address>0x614c</run_address>
         <size>0x3c</size>
         <alignment>0x4</alignment>
         <input_file_ref idref="fl-b"/>
      </object_component>
      <object_component id="oc-159">
         <name>.text:__TI_auto_init_nobinit_nopinit</name>
         <load_address>0x6188</load_address>
         <readonly>true</readonly>
         <executable>true</executable>
         <run_address>0x6188</run_address>
         <size>0x3c</size>
         <alignment>0x4</alignment>
         <input_file_ref idref="fl-44"/>
      </object_component>
      <object_component id="oc-1e9">
         <name>.text.__eqsf2</name>
         <load_address>0x61c4</load_address>
         <readonly>true</readonly>
         <executable>true</executable>
         <run_address>0x61c4</run_address>
         <size>0x3a</size>
         <alignment>0x4</alignment>
         <input_file_ref idref="fl-d3"/>
      </object_component>
      <object_component id="oc-16d">
         <name>.text.__muldsi3</name>
         <load_address>0x6200</load_address>
         <readonly>true</readonly>
         <executable>true</executable>
         <run_address>0x6200</run_address>
         <size>0x3a</size>
         <alignment>0x4</alignment>
         <input_file_ref idref="fl-c1"/>
      </object_component>
      <object_component id="oc-27b">
         <name>.text.I2C_Start</name>
         <load_address>0x623c</load_address>
         <readonly>true</readonly>
         <executable>true</executable>
         <run_address>0x623c</run_address>
         <size>0x38</size>
         <alignment>0x4</alignment>
         <input_file_ref idref="fl-14"/>
      </object_component>
      <object_component id="oc-10b">
         <name>.text.__fixsfsi</name>
         <load_address>0x6274</load_address>
         <readonly>true</readonly>
         <executable>true</executable>
         <run_address>0x6274</run_address>
         <size>0x38</size>
         <alignment>0x4</alignment>
         <input_file_ref idref="fl-c7"/>
      </object_component>
      <object_component id="oc-108">
         <name>.text.conter_get</name>
         <load_address>0x62ac</load_address>
         <readonly>true</readonly>
         <executable>true</executable>
         <run_address>0x62ac</run_address>
         <size>0x38</size>
         <alignment>0x4</alignment>
         <input_file_ref idref="fl-f"/>
      </object_component>
      <object_component id="oc-130">
         <name>.text.sprintf</name>
         <load_address>0x62e4</load_address>
         <readonly>true</readonly>
         <executable>true</executable>
         <run_address>0x62e4</run_address>
         <size>0x38</size>
         <alignment>0x4</alignment>
         <input_file_ref idref="fl-36"/>
      </object_component>
      <object_component id="oc-24d">
         <name>.text.DL_GPIO_initDigitalInputFeatures</name>
         <load_address>0x631c</load_address>
         <readonly>true</readonly>
         <executable>true</executable>
         <run_address>0x631c</run_address>
         <size>0x34</size>
         <alignment>0x4</alignment>
         <input_file_ref idref="fl-1"/>
      </object_component>
      <object_component id="oc-1fa">
         <name>.text.SYSCFG_DL_TIMER_G0_init</name>
         <load_address>0x6350</load_address>
         <readonly>true</readonly>
         <executable>true</executable>
         <run_address>0x6350</run_address>
         <size>0x34</size>
         <alignment>0x4</alignment>
         <input_file_ref idref="fl-1"/>
      </object_component>
      <object_component id="oc-1fb">
         <name>.text.SYSCFG_DL_TIMER_G6_init</name>
         <load_address>0x6384</load_address>
         <readonly>true</readonly>
         <executable>true</executable>
         <run_address>0x6384</run_address>
         <size>0x34</size>
         <alignment>0x4</alignment>
         <input_file_ref idref="fl-1"/>
      </object_component>
      <object_component id="oc-238">
         <name>.text.__fixunssfsi</name>
         <load_address>0x63b8</load_address>
         <readonly>true</readonly>
         <executable>true</executable>
         <run_address>0x63b8</run_address>
         <size>0x32</size>
         <alignment>0x4</alignment>
         <input_file_ref idref="fl-c8"/>
      </object_component>
      <object_component id="oc-27e">
         <name>.text.I2C_Stop</name>
         <load_address>0x63ec</load_address>
         <readonly>true</readonly>
         <executable>true</executable>
         <run_address>0x63ec</run_address>
         <size>0x30</size>
         <alignment>0x4</alignment>
         <input_file_ref idref="fl-14"/>
      </object_component>
      <object_component id="oc-27d">
         <name>.text.I2C_WaitAck</name>
         <load_address>0x641c</load_address>
         <readonly>true</readonly>
         <executable>true</executable>
         <run_address>0x641c</run_address>
         <size>0x30</size>
         <alignment>0x4</alignment>
         <input_file_ref idref="fl-14"/>
      </object_component>
      <object_component id="oc-2f0">
         <name>.text._fcpy</name>
         <load_address>0x644c</load_address>
         <readonly>true</readonly>
         <executable>true</executable>
         <run_address>0x644c</run_address>
         <size>0x30</size>
         <alignment>0x2</alignment>
         <input_file_ref idref="fl-35"/>
      </object_component>
      <object_component id="oc-209">
         <name>.text.__NVIC_ClearPendingIRQ</name>
         <load_address>0x647c</load_address>
         <readonly>true</readonly>
         <executable>true</executable>
         <run_address>0x647c</run_address>
         <size>0x2c</size>
         <alignment>0x4</alignment>
         <input_file_ref idref="fl-11"/>
      </object_component>
      <object_component id="oc-20e">
         <name>.text.__NVIC_ClearPendingIRQ</name>
         <load_address>0x64a8</load_address>
         <readonly>true</readonly>
         <executable>true</executable>
         <run_address>0x64a8</run_address>
         <size>0x2c</size>
         <alignment>0x4</alignment>
         <input_file_ref idref="fl-12"/>
      </object_component>
      <object_component id="oc-210">
         <name>.text.__NVIC_ClearPendingIRQ</name>
         <load_address>0x64d4</load_address>
         <readonly>true</readonly>
         <executable>true</executable>
         <run_address>0x64d4</run_address>
         <size>0x2c</size>
         <alignment>0x4</alignment>
         <input_file_ref idref="fl-13"/>
      </object_component>
      <object_component id="oc-203">
         <name>.text.__NVIC_EnableIRQ</name>
         <load_address>0x6500</load_address>
         <readonly>true</readonly>
         <executable>true</executable>
         <run_address>0x6500</run_address>
         <size>0x2c</size>
         <alignment>0x4</alignment>
         <input_file_ref idref="fl-9"/>
      </object_component>
      <object_component id="oc-205">
         <name>.text.__NVIC_EnableIRQ</name>
         <load_address>0x652c</load_address>
         <readonly>true</readonly>
         <executable>true</executable>
         <run_address>0x652c</run_address>
         <size>0x2c</size>
         <alignment>0x4</alignment>
         <input_file_ref idref="fl-a"/>
      </object_component>
      <object_component id="oc-212">
         <name>.text.__NVIC_EnableIRQ</name>
         <load_address>0x6558</load_address>
         <readonly>true</readonly>
         <executable>true</executable>
         <run_address>0x6558</run_address>
         <size>0x2c</size>
         <alignment>0x4</alignment>
         <input_file_ref idref="fl-c"/>
      </object_component>
      <object_component id="oc-20a">
         <name>.text.__NVIC_EnableIRQ</name>
         <load_address>0x6584</load_address>
         <readonly>true</readonly>
         <executable>true</executable>
         <run_address>0x6584</run_address>
         <size>0x2c</size>
         <alignment>0x4</alignment>
         <input_file_ref idref="fl-11"/>
      </object_component>
      <object_component id="oc-20f">
         <name>.text.__NVIC_EnableIRQ</name>
         <load_address>0x65b0</load_address>
         <readonly>true</readonly>
         <executable>true</executable>
         <run_address>0x65b0</run_address>
         <size>0x2c</size>
         <alignment>0x4</alignment>
         <input_file_ref idref="fl-12"/>
      </object_component>
      <object_component id="oc-211">
         <name>.text.__NVIC_EnableIRQ</name>
         <load_address>0x65dc</load_address>
         <readonly>true</readonly>
         <executable>true</executable>
         <run_address>0x65dc</run_address>
         <size>0x2c</size>
         <alignment>0x4</alignment>
         <input_file_ref idref="fl-13"/>
      </object_component>
      <object_component id="oc-2e5">
         <name>.text.__floatsidf</name>
         <load_address>0x6608</load_address>
         <readonly>true</readonly>
         <executable>true</executable>
         <run_address>0x6608</run_address>
         <size>0x2c</size>
         <alignment>0x4</alignment>
         <input_file_ref idref="fl-c9"/>
      </object_component>
      <object_component id="oc-127">
         <name>.text.All_init</name>
         <load_address>0x6634</load_address>
         <readonly>true</readonly>
         <executable>true</executable>
         <run_address>0x6634</run_address>
         <size>0x28</size>
         <alignment>0x2</alignment>
         <input_file_ref idref="fl-3"/>
      </object_component>
      <object_component id="oc-2b3">
         <name>.text.DL_Common_updateReg</name>
         <load_address>0x665c</load_address>
         <readonly>true</readonly>
         <executable>true</executable>
         <run_address>0x665c</run_address>
         <size>0x28</size>
         <alignment>0x2</alignment>
         <input_file_ref idref="fl-1"/>
      </object_component>
      <object_component id="oc-69">
         <name>.text:_c_int00_noargs</name>
         <load_address>0x6684</load_address>
         <readonly>true</readonly>
         <executable>true</executable>
         <run_address>0x6684</run_address>
         <size>0x28</size>
         <alignment>0x4</alignment>
         <input_file_ref idref="fl-42"/>
      </object_component>
      <object_component id="oc-295">
         <name>.text.__muldi3</name>
         <load_address>0x66ac</load_address>
         <readonly>true</readonly>
         <executable>true</executable>
         <run_address>0x66ac</run_address>
         <size>0x24</size>
         <alignment>0x4</alignment>
         <input_file_ref idref="fl-cb"/>
      </object_component>
      <object_component id="oc-13d">
         <name>.text.delay_ms</name>
         <load_address>0x66d0</load_address>
         <readonly>true</readonly>
         <executable>true</executable>
         <run_address>0x66d0</run_address>
         <size>0x24</size>
         <alignment>0x4</alignment>
         <input_file_ref idref="fl-14"/>
      </object_component>
      <object_component id="oc-10f">
         <name>.text.run</name>
         <load_address>0x66f4</load_address>
         <readonly>true</readonly>
         <executable>true</executable>
         <run_address>0x66f4</run_address>
         <size>0x24</size>
         <alignment>0x4</alignment>
         <input_file_ref idref="fl-f"/>
      </object_component>
      <object_component id="oc-281">
         <name>.text.memccpy</name>
         <load_address>0x6718</load_address>
         <readonly>true</readonly>
         <executable>true</executable>
         <run_address>0x6718</run_address>
         <size>0x22</size>
         <alignment>0x2</alignment>
         <input_file_ref idref="fl-3f"/>
      </object_component>
      <object_component id="oc-24a">
         <name>.text.DL_GPIO_initPeripheralInputFunction</name>
         <load_address>0x673c</load_address>
         <readonly>true</readonly>
         <executable>true</executable>
         <run_address>0x673c</run_address>
         <size>0x20</size>
         <alignment>0x4</alignment>
         <input_file_ref idref="fl-1"/>
      </object_component>
      <object_component id="oc-254">
         <name>.text.DL_SYSCTL_setFlashWaitState</name>
         <load_address>0x675c</load_address>
         <readonly>true</readonly>
         <executable>true</executable>
         <run_address>0x675c</run_address>
         <size>0x20</size>
         <alignment>0x4</alignment>
         <input_file_ref idref="fl-1"/>
      </object_component>
      <object_component id="oc-1b9">
         <name>.text.DL_UART_transmitDataBlocking</name>
         <load_address>0x677c</load_address>
         <readonly>true</readonly>
         <executable>true</executable>
         <run_address>0x677c</run_address>
         <size>0x20</size>
         <alignment>0x4</alignment>
         <input_file_ref idref="fl-24"/>
      </object_component>
      <object_component id="oc-271">
         <name>.text.DL_UART_setOversampling</name>
         <load_address>0x679c</load_address>
         <readonly>true</readonly>
         <executable>true</executable>
         <run_address>0x679c</run_address>
         <size>0x1e</size>
         <alignment>0x2</alignment>
         <input_file_ref idref="fl-1"/>
      </object_component>
      <object_component id="oc-303">
         <name>.text.__ashldi3</name>
         <load_address>0x67bc</load_address>
         <readonly>true</readonly>
         <executable>true</executable>
         <run_address>0x67bc</run_address>
         <size>0x1e</size>
         <alignment>0x4</alignment>
         <input_file_ref idref="fl-d5"/>
      </object_component>
      <object_component id="oc-72">
         <name>.text.DL_GPIO_clearInterruptStatus</name>
         <load_address>0x67dc</load_address>
         <readonly>true</readonly>
         <executable>true</executable>
         <run_address>0x67dc</run_address>
         <size>0x1c</size>
         <alignment>0x4</alignment>
         <input_file_ref idref="fl-c"/>
      </object_component>
      <object_component id="oc-251">
         <name>.text.DL_GPIO_clearInterruptStatus</name>
         <load_address>0x67f8</load_address>
         <readonly>true</readonly>
         <executable>true</executable>
         <run_address>0x67f8</run_address>
         <size>0x1c</size>
         <alignment>0x4</alignment>
         <input_file_ref idref="fl-1"/>
      </object_component>
      <object_component id="oc-252">
         <name>.text.DL_GPIO_enableInterrupt</name>
         <load_address>0x6814</load_address>
         <readonly>true</readonly>
         <executable>true</executable>
         <run_address>0x6814</run_address>
         <size>0x1c</size>
         <alignment>0x4</alignment>
         <input_file_ref idref="fl-1"/>
      </object_component>
      <object_component id="oc-24c">
         <name>.text.DL_GPIO_initDigitalInput</name>
         <load_address>0x6830</load_address>
         <readonly>true</readonly>
         <executable>true</executable>
         <run_address>0x6830</run_address>
         <size>0x1c</size>
         <alignment>0x4</alignment>
         <input_file_ref idref="fl-1"/>
      </object_component>
      <object_component id="oc-248">
         <name>.text.DL_GPIO_initPeripheralOutputFunction</name>
         <load_address>0x684c</load_address>
         <readonly>true</readonly>
         <executable>true</executable>
         <run_address>0x684c</run_address>
         <size>0x1c</size>
         <alignment>0x4</alignment>
         <input_file_ref idref="fl-1"/>
      </object_component>
      <object_component id="oc-24f">
         <name>.text.DL_GPIO_setLowerPinsPolarity</name>
         <load_address>0x6868</load_address>
         <readonly>true</readonly>
         <executable>true</executable>
         <run_address>0x6868</run_address>
         <size>0x1c</size>
         <alignment>0x4</alignment>
         <input_file_ref idref="fl-1"/>
      </object_component>
      <object_component id="oc-255">
         <name>.text.DL_SYSCTL_setSYSOSCFreq</name>
         <load_address>0x6884</load_address>
         <readonly>true</readonly>
         <executable>true</executable>
         <run_address>0x6884</run_address>
         <size>0x1c</size>
         <alignment>0x4</alignment>
         <input_file_ref idref="fl-1"/>
      </object_component>
      <object_component id="oc-25e">
         <name>.text.DL_SYSCTL_setULPCLKDivider</name>
         <load_address>0x68a0</load_address>
         <readonly>true</readonly>
         <executable>true</executable>
         <run_address>0x68a0</run_address>
         <size>0x1c</size>
         <alignment>0x4</alignment>
         <input_file_ref idref="fl-1"/>
      </object_component>
      <object_component id="oc-26a">
         <name>.text.DL_Timer_enableInterrupt</name>
         <load_address>0x68bc</load_address>
         <readonly>true</readonly>
         <executable>true</executable>
         <run_address>0x68bc</run_address>
         <size>0x1c</size>
         <alignment>0x4</alignment>
         <input_file_ref idref="fl-1"/>
      </object_component>
      <object_component id="oc-264">
         <name>.text.DL_Timer_setCaptCompUpdateMethod</name>
         <load_address>0x68d8</load_address>
         <readonly>true</readonly>
         <executable>true</executable>
         <run_address>0x68d8</run_address>
         <size>0x1c</size>
         <alignment>0x4</alignment>
         <input_file_ref idref="fl-23"/>
      </object_component>
      <object_component id="oc-261">
         <name>.text.DL_Timer_setClockConfig</name>
         <load_address>0x68f4</load_address>
         <readonly>true</readonly>
         <executable>true</executable>
         <run_address>0x68f4</run_address>
         <size>0x1c</size>
         <alignment>0x4</alignment>
         <input_file_ref idref="fl-23"/>
      </object_component>
      <object_component id="oc-273">
         <name>.text.DL_UART_enableInterrupt</name>
         <load_address>0x6910</load_address>
         <readonly>true</readonly>
         <executable>true</executable>
         <run_address>0x6910</run_address>
         <size>0x1c</size>
         <alignment>0x4</alignment>
         <input_file_ref idref="fl-1"/>
      </object_component>
      <object_component id="oc-233">
         <name>.text.fputc</name>
         <load_address>0x692c</load_address>
         <readonly>true</readonly>
         <executable>true</executable>
         <run_address>0x692c</run_address>
         <size>0x1c</size>
         <alignment>0x4</alignment>
         <input_file_ref idref="fl-11"/>
      </object_component>
      <object_component id="oc-249">
         <name>.text.DL_GPIO_enableOutput</name>
         <load_address>0x6948</load_address>
         <readonly>true</readonly>
         <executable>true</executable>
         <run_address>0x6948</run_address>
         <size>0x18</size>
         <alignment>0x4</alignment>
         <input_file_ref idref="fl-1"/>
      </object_component>
      <object_component id="oc-245">
         <name>.text.DL_GPIO_enablePower</name>
         <load_address>0x6960</load_address>
         <readonly>true</readonly>
         <executable>true</executable>
         <run_address>0x6960</run_address>
         <size>0x18</size>
         <alignment>0x4</alignment>
         <input_file_ref idref="fl-1"/>
      </object_component>
      <object_component id="oc-70">
         <name>.text.DL_GPIO_getEnabledInterruptStatus</name>
         <load_address>0x6978</load_address>
         <readonly>true</readonly>
         <executable>true</executable>
         <run_address>0x6978</run_address>
         <size>0x18</size>
         <alignment>0x4</alignment>
         <input_file_ref idref="fl-c"/>
      </object_component>
      <object_component id="oc-24b">
         <name>.text.DL_GPIO_initDigitalOutput</name>
         <load_address>0x6990</load_address>
         <readonly>true</readonly>
         <executable>true</executable>
         <run_address>0x6990</run_address>
         <size>0x18</size>
         <alignment>0x4</alignment>
         <input_file_ref idref="fl-1"/>
      </object_component>
      <object_component id="oc-242">
         <name>.text.DL_GPIO_reset</name>
         <load_address>0x69a8</load_address>
         <readonly>true</readonly>
         <executable>true</executable>
         <run_address>0x69a8</run_address>
         <size>0x18</size>
         <alignment>0x4</alignment>
         <input_file_ref idref="fl-1"/>
      </object_component>
      <object_component id="oc-1c8">
         <name>.text.DL_GPIO_setPins</name>
         <load_address>0x69c0</load_address>
         <readonly>true</readonly>
         <executable>true</executable>
         <run_address>0x69c0</run_address>
         <size>0x18</size>
         <alignment>0x4</alignment>
         <input_file_ref idref="fl-6"/>
      </object_component>
      <object_component id="oc-1d6">
         <name>.text.DL_GPIO_setPins</name>
         <load_address>0x69d8</load_address>
         <readonly>true</readonly>
         <executable>true</executable>
         <run_address>0x69d8</run_address>
         <size>0x18</size>
         <alignment>0x4</alignment>
         <input_file_ref idref="fl-b"/>
      </object_component>
      <object_component id="oc-a4">
         <name>.text.DL_GPIO_setPins</name>
         <load_address>0x69f0</load_address>
         <readonly>true</readonly>
         <executable>true</executable>
         <run_address>0x69f0</run_address>
         <size>0x18</size>
         <alignment>0x4</alignment>
         <input_file_ref idref="fl-f"/>
      </object_component>
      <object_component id="oc-1f1">
         <name>.text.DL_GPIO_setPins</name>
         <load_address>0x6a08</load_address>
         <readonly>true</readonly>
         <executable>true</executable>
         <run_address>0x6a08</run_address>
         <size>0x18</size>
         <alignment>0x4</alignment>
         <input_file_ref idref="fl-10"/>
      </object_component>
      <object_component id="oc-2b7">
         <name>.text.DL_GPIO_setPins</name>
         <load_address>0x6a20</load_address>
         <readonly>true</readonly>
         <executable>true</executable>
         <run_address>0x6a20</run_address>
         <size>0x18</size>
[...]
         <value>0x41b9</value>
         <object_component_ref idref="oc-1b6"/>
      </symbol>
      <symbol id="sm-35e">
         <name>__TI_ATRegion0_src_addr</name>
         <value>0x0</value>
      </symbol>
      <symbol id="sm-35f">
         <name>__TI_ATRegion0_trg_addr</name>
         <value>0x0</value>
      </symbol>
      <symbol id="sm-360">
         <name>__TI_ATRegion0_region_sz</name>
         <value>0x0</value>
      </symbol>
      <symbol id="sm-361">
         <name>__TI_ATRegion1_src_addr</name>
         <value>0x0</value>
      </symbol>
      <symbol id="sm-362">
         <name>__TI_ATRegion1_trg_addr</name>
         <value>0x0</value>
      </symbol>
      <symbol id="sm-363">
         <name>__TI_ATRegion1_region_sz</name>
         <value>0x0</value>
      </symbol>
      <symbol id="sm-364">
         <name>__TI_ATRegion2_src_addr</name>
         <value>0x0</value>
      </symbol>
      <symbol id="sm-365">
         <name>__TI_ATRegion2_trg_addr</name>
         <value>0x0</value>
      </symbol>
      <symbol id="sm-366">
         <name>__TI_ATRegion2_region_sz</name>
         <value>0x0</value>
      </symbol>
      <symbol id="sm-36f">
         <name>DL_Common_delayCycles</name>
         <value>0x6e95</value>
         <object_component_ref idref="oc-1c9"/>
      </symbol>
      <symbol id="sm-38e">
         <name>DL_Timer_setClockConfig</name>
         <value>0x68f5</value>
         <object_component_ref idref="oc-261"/>
      </symbol>
      <symbol id="sm-38f">
         <name>DL_Timer_initTimerMode</name>
         <value>0x43ad</value>
         <object_component_ref idref="oc-269"/>
      </symbol>
      <symbol id="sm-390">
         <name>DL_Timer_setCaptureCompareValue</name>
         <value>0x6e2d</value>
         <object_component_ref idref="oc-23c"/>
      </symbol>
      <symbol id="sm-391">
         <name>DL_Timer_initPWMMode</name>
         <value>0x48d1</value>
         <object_component_ref idref="oc-2b6"/>
      </symbol>
      <symbol id="sm-392">
         <name>DL_Timer_setCaptureCompareOutCtl</name>
         <value>0x6ab1</value>
         <object_component_ref idref="oc-263"/>
      </symbol>
      <symbol id="sm-393">
         <name>DL_Timer_setCaptCompUpdateMethod</name>
         <value>0x68d9</value>
         <object_component_ref idref="oc-264"/>
      </symbol>
      <symbol id="sm-394">
         <name>DL_TimerA_initPWMMode</name>
         <value>0x5279</value>
         <object_component_ref idref="oc-262"/>
      </symbol>
      <symbol id="sm-3a4">
         <name>DL_UART_init</name>
         <value>0x5cf9</value>
         <object_component_ref idref="oc-270"/>
      </symbol>
      <symbol id="sm-3a5">
         <name>DL_UART_setClockConfig</name>
         <value>0x6de5</value>
         <object_component_ref idref="oc-26f"/>
      </symbol>
      <symbol id="sm-3a6">
         <name>DL_UART_transmitDataBlocking</name>
         <value>0x677d</value>
         <object_component_ref idref="oc-1b9"/>
      </symbol>
      <symbol id="sm-3b4">
         <name>DL_SYSCTL_configSYSPLL</name>
         <value>0x4579</value>
         <object_component_ref idref="oc-258"/>
      </symbol>
      <symbol id="sm-3b5">
         <name>DL_SYSCTL_switchMCLKfromSYSOSCtoHSCLK</name>
         <value>0x5e19</value>
         <object_component_ref idref="oc-25f"/>
      </symbol>
      <symbol id="sm-3c6">
         <name>printf</name>
         <value>0x5965</value>
         <object_component_ref idref="oc-13e"/>
      </symbol>
      <symbol id="sm-40f">
         <name>__TI_printfi</name>
         <value>0xc1</value>
         <object_component_ref idref="oc-21e"/>
      </symbol>
      <symbol id="sm-420">
         <name>sprintf</name>
         <value>0x62e5</value>
         <object_component_ref idref="oc-130"/>
      </symbol>
      <symbol id="sm-42a">
         <name>frexp</name>
         <value>0x5909</value>
         <object_component_ref idref="oc-2d5"/>
      </symbol>
      <symbol id="sm-42b">
         <name>frexpl</name>
         <value>0x5909</value>
         <object_component_ref idref="oc-2d5"/>
      </symbol>
      <symbol id="sm-435">
         <name>scalbn</name>
         <value>0x4655</value>
         <object_component_ref idref="oc-2d9"/>
      </symbol>
      <symbol id="sm-436">
         <name>ldexp</name>
         <value>0x4655</value>
         <object_component_ref idref="oc-2d9"/>
      </symbol>
      <symbol id="sm-437">
         <name>scalbnl</name>
         <value>0x4655</value>
         <object_component_ref idref="oc-2d9"/>
      </symbol>
      <symbol id="sm-438">
         <name>ldexpl</name>
         <value>0x4655</value>
         <object_component_ref idref="oc-2d9"/>
      </symbol>
      <symbol id="sm-443">
         <name>__aeabi_errno_addr</name>
         <value>0x6ed9</value>
         <object_component_ref idref="oc-290"/>
      </symbol>
      <symbol id="sm-444">
         <name>__aeabi_errno</name>
         <value>0x20200158</value>
         <object_component_ref idref="oc-2c3"/>
      </symbol>
      <symbol id="sm-44d">
         <name>_nop</name>
         <value>0x4dcb</value>
         <object_component_ref idref="oc-229"/>
      </symbol>
      <symbol id="sm-44e">
         <name>_lock</name>
         <value>0x2020015c</value>
         <object_component_ref idref="oc-1cd"/>
      </symbol>
      <symbol id="sm-44f">
         <name>_unlock</name>
         <value>0x20200160</value>
         <object_component_ref idref="oc-1d3"/>
      </symbol>
      <symbol id="sm-458">
         <name>__TI_ltoa</name>
         <value>0x5a1d</value>
         <object_component_ref idref="oc-2e1"/>
      </symbol>
      <symbol id="sm-463">
         <name>atoi</name>
         <value>0x5f61</value>
         <object_component_ref idref="oc-288"/>
      </symbol>
      <symbol id="sm-468">
         <name>_ftable</name>
         <value>0x20200000</value>
         <object_component_ref idref="oc-1cf"/>
      </symbol>
      <symbol id="sm-471">
         <name>memccpy</name>
         <value>0x6719</value>
         <object_component_ref idref="oc-281"/>
      </symbol>
      <symbol id="sm-47b">
         <name>strlen</name>
         <value>0x6e79</value>
         <object_component_ref idref="oc-2ac"/>
      </symbol>
      <symbol id="sm-486">
         <name>_c_int00_noargs</name>
         <value>0x6685</value>
         <object_component_ref idref="oc-69"/>
      </symbol>
      <symbol id="sm-487">
         <name>__stack</name>
         <value>0x20207e00</value>
         <object_component_ref idref="oc-1a"/>
      </symbol>
      <symbol id="sm-496">
         <name>__TI_auto_init_nobinit_nopinit</name>
         <value>0x6189</value>
         <object_component_ref idref="oc-159"/>
      </symbol>
      <symbol id="sm-49e">
         <name>_system_pre_init</name>
         <value>0x6f11</value>
         <object_component_ref idref="oc-c9"/>
      </symbol>
      <symbol id="sm-4a9">
         <name>__TI_zero_init_nomemset</name>
         <value>0x6c0b</value>
         <object_component_ref idref="oc-60"/>
      </symbol>
      <symbol id="sm-4b2">
         <name>__TI_decompress_none</name>
         <value>0x6e09</value>
         <object_component_ref idref="oc-20"/>
      </symbol>
      <symbol id="sm-4bd">
         <name>__TI_decompress_lzss</name>
         <value>0x546d</value>
         <object_component_ref idref="oc-1c"/>
      </symbol>
      <symbol id="sm-4c6">
         <name>wcslen</name>
         <value>0x6e4d</value>
         <object_component_ref idref="oc-28c"/>
      </symbol>
      <symbol id="sm-4c8">
         <name>__aeabi_ctype_table_</name>
         <value>0x7740</value>
         <object_component_ref idref="oc-2bc"/>
      </symbol>
      <symbol id="sm-4c9">
         <name>__aeabi_ctype_table_C</name>
         <value>0x7740</value>
         <object_component_ref idref="oc-2bc"/>
      </symbol>
      <symbol id="sm-4d3">
         <name>abort</name>
         <value>0x6f15</value>
         <object_component_ref idref="oc-152"/>
      </symbol>
      <symbol id="sm-4d4">
         <name>C$$EXIT</name>
         <value>0x6f14</value>
         <object_component_ref idref="oc-152"/>
      </symbol>
      <symbol id="sm-4e5">
         <name>__aeabi_fadd</name>
         <value>0x4737</value>
         <object_component_ref idref="oc-117"/>
      </symbol>
      <symbol id="sm-4e6">
         <name>__addsf3</name>
         <value>0x4737</value>
         <object_component_ref idref="oc-117"/>
      </symbol>
      <symbol id="sm-4e7">
         <name>__aeabi_fsub</name>
         <value>0x472d</value>
         <object_component_ref idref="oc-117"/>
      </symbol>
      <symbol id="sm-4e8">
         <name>__subsf3</name>
         <value>0x472d</value>
         <object_component_ref idref="oc-117"/>
      </symbol>
      <symbol id="sm-4ee">
         <name>__aeabi_dadd</name>
         <value>0x3baf</value>
         <object_component_ref idref="oc-2f8"/>
      </symbol>
      <symbol id="sm-4ef">
         <name>__adddf3</name>
         <value>0x3baf</value>
         <object_component_ref idref="oc-2f8"/>
      </symbol>
      <symbol id="sm-4f0">
         <name>__aeabi_dsub</name>
         <value>0x3ba5</value>
         <object_component_ref idref="oc-2f8"/>
      </symbol>
      <symbol id="sm-4f1">
         <name>__subdf3</name>
         <value>0x3ba5</value>
         <object_component_ref idref="oc-2f8"/>
      </symbol>
      <symbol id="sm-4fa">
         <name>__aeabi_dmul</name>
         <value>0x4495</value>
         <object_component_ref idref="oc-2ea"/>
      </symbol>
      <symbol id="sm-4fb">
         <name>__muldf3</name>
         <value>0x4495</value>
         <object_component_ref idref="oc-2ea"/>
      </symbol>
      <symbol id="sm-501">
         <name>__muldsi3</name>
         <value>0x6201</value>
         <object_component_ref idref="oc-16d"/>
      </symbol>
      <symbol id="sm-507">
         <name>__aeabi_fmul</name>
         <value>0x5169</value>
         <object_component_ref idref="oc-e0"/>
      </symbol>
      <symbol id="sm-508">
         <name>__mulsf3</name>
         <value>0x5169</value>
         <object_component_ref idref="oc-e0"/>
      </symbol>
      <symbol id="sm-50e">
         <name>__aeabi_fdiv</name>
         <value>0x51f5</value>
         <object_component_ref idref="oc-dc"/>
      </symbol>
      <symbol id="sm-50f">
         <name>__divsf3</name>
         <value>0x51f5</value>
         <object_component_ref idref="oc-dc"/>
      </symbol>
      <symbol id="sm-515">
         <name>__aeabi_ddiv</name>
         <value>0x40ad</value>
         <object_component_ref idref="oc-2f3"/>
      </symbol>
      <symbol id="sm-516">
         <name>__divdf3</name>
         <value>0x40ad</value>
         <object_component_ref idref="oc-2f3"/>
      </symbol>
      <symbol id="sm-51c">
         <name>__aeabi_f2d</name>
         <value>0x5f21</value>
         <object_component_ref idref="oc-12c"/>
      </symbol>
      <symbol id="sm-51d">
         <name>__extendsfdf2</name>
         <value>0x5f21</value>
         <object_component_ref idref="oc-12c"/>
      </symbol>
      <symbol id="sm-523">
         <name>__aeabi_d2iz</name>
         <value>0x5cad</value>
         <object_component_ref idref="oc-2dd"/>
      </symbol>
      <symbol id="sm-524">
         <name>__fixdfsi</name>
         <value>0x5cad</value>
         <object_component_ref idref="oc-2dd"/>
      </symbol>
      <symbol id="sm-52a">
         <name>__aeabi_f2iz</name>
         <value>0x6275</value>
         <object_component_ref idref="oc-10b"/>
      </symbol>
      <symbol id="sm-52b">
         <name>__fixsfsi</name>
         <value>0x6275</value>
         <object_component_ref idref="oc-10b"/>
      </symbol>
      <symbol id="sm-531">
         <name>__aeabi_f2uiz</name>
         <value>0x63b9</value>
         <object_component_ref idref="oc-238"/>
      </symbol>
      <symbol id="sm-532">
         <name>__fixunssfsi</name>
         <value>0x63b9</value>
         <object_component_ref idref="oc-238"/>
      </symbol>
      <symbol id="sm-538">
         <name>__aeabi_i2d</name>
         <value>0x6609</value>
         <object_component_ref idref="oc-2e5"/>
      </symbol>
      <symbol id="sm-539">
         <name>__floatsidf</name>
         <value>0x6609</value>
         <object_component_ref idref="oc-2e5"/>
      </symbol>
      <symbol id="sm-53f">
         <name>__aeabi_i2f</name>
         <value>0x60d5</value>
         <object_component_ref idref="oc-d8"/>
      </symbol>
      <symbol id="sm-540">
         <name>__floatsisf</name>
         <value>0x60d5</value>
         <object_component_ref idref="oc-d8"/>
      </symbol>
      <symbol id="sm-546">
         <name>__aeabi_lmul</name>
         <value>0x66ad</value>
         <object_component_ref idref="oc-295"/>
      </symbol>
      <symbol id="sm-547">
         <name>__muldi3</name>
         <value>0x66ad</value>
         <object_component_ref idref="oc-295"/>
      </symbol>
      <symbol id="sm-54d">
         <name>__aeabi_dcmpeq</name>
         <value>0x57e1</value>
         <object_component_ref idref="oc-29e"/>
      </symbol>
      <symbol id="sm-54e">
         <name>__aeabi_dcmplt</name>
         <value>0x57f5</value>
         <object_component_ref idref="oc-29e"/>
      </symbol>
      <symbol id="sm-54f">
         <name>__aeabi_dcmple</name>
         <value>0x5809</value>
         <object_component_ref idref="oc-29e"/>
      </symbol>
      <symbol id="sm-550">
         <name>__aeabi_dcmpge</name>
         <value>0x581d</value>
         <object_component_ref idref="oc-29e"/>
      </symbol>
      <symbol id="sm-551">
         <name>__aeabi_dcmpgt</name>
         <value>0x5831</value>
         <object_component_ref idref="oc-29e"/>
      </symbol>
      <symbol id="sm-557">
         <name>__aeabi_fcmpeq</name>
         <value>0x5845</value>
         <object_component_ref idref="oc-172"/>
      </symbol>
      <symbol id="sm-558">
         <name>__aeabi_fcmplt</name>
         <value>0x5859</value>
         <object_component_ref idref="oc-172"/>
      </symbol>
      <symbol id="sm-559">
         <name>__aeabi_fcmple</name>
         <value>0x586d</value>
         <object_component_ref idref="oc-172"/>
      </symbol>
      <symbol id="sm-55a">
         <name>__aeabi_fcmpge</name>
         <value>0x5881</value>
         <object_component_ref idref="oc-172"/>
      </symbol>
      <symbol id="sm-55b">
         <name>__aeabi_fcmpgt</name>
         <value>0x5895</value>
         <object_component_ref idref="oc-172"/>
      </symbol>
      <symbol id="sm-561">
         <name>__aeabi_idiv</name>
         <value>0x5acd</value>
         <object_component_ref idref="oc-311"/>
      </symbol>
      <symbol id="sm-562">
         <name>__aeabi_idivmod</name>
         <value>0x5acd</value>
         <object_component_ref idref="oc-311"/>
      </symbol>
      <symbol id="sm-568">
         <name>__aeabi_memcpy</name>
         <value>0x6ee1</value>
         <object_component_ref idref="oc-59"/>
      </symbol>
      <symbol id="sm-569">
         <name>__aeabi_memcpy4</name>
         <value>0x6ee1</value>
         <object_component_ref idref="oc-59"/>
      </symbol>
      <symbol id="sm-56a">
         <name>__aeabi_memcpy8</name>
         <value>0x6ee1</value>
         <object_component_ref idref="oc-59"/>
      </symbol>
      <symbol id="sm-571">
         <name>__aeabi_memset</name>
         <value>0x6e5d</value>
         <object_component_ref idref="oc-280"/>
      </symbol>
      <symbol id="sm-572">
         <name>__aeabi_memset4</name>
         <value>0x6e5d</value>
         <object_component_ref idref="oc-280"/>
      </symbol>
      <symbol id="sm-573">
         <name>__aeabi_memset8</name>
         <value>0x6e5d</value>
         <object_component_ref idref="oc-280"/>
      </symbol>
      <symbol id="sm-579">
         <name>__aeabi_uidiv</name>
         <value>0x5ee1</value>
         <object_component_ref idref="oc-220"/>
      </symbol>
      <symbol id="sm-57a">
         <name>__aeabi_uidivmod</name>
         <value>0x5ee1</value>
         <object_component_ref idref="oc-220"/>
      </symbol>
      <symbol id="sm-580">
         <name>__aeabi_uldivmod</name>
         <value>0x6d39</value>
         <object_component_ref idref="oc-29a"/>
      </symbol>
      <symbol id="sm-589">
         <name>__eqsf2</name>
         <value>0x61c5</value>
         <object_component_ref idref="oc-1e9"/>
      </symbol>
      <symbol id="sm-58a">
         <name>__lesf2</name>
         <value>0x61c5</value>
         <object_component_ref idref="oc-1e9"/>
      </symbol>
      <symbol id="sm-58b">
         <name>__ltsf2</name>
         <value>0x61c5</value>
         <object_component_ref idref="oc-1e9"/>
      </symbol>
      <symbol id="sm-58c">
         <name>__nesf2</name>
         <value>0x61c5</value>
         <object_component_ref idref="oc-1e9"/>
      </symbol>
      <symbol id="sm-58d">
         <name>__cmpsf2</name>
         <value>0x61c5</value>
         <object_component_ref idref="oc-1e9"/>
      </symbol>
      <symbol id="sm-58e">
         <name>__gtsf2</name>
         <value>0x6111</value>
         <object_component_ref idref="oc-1ee"/>
      </symbol>
      <symbol id="sm-58f">
         <name>__gesf2</name>
         <value>0x6111</value>
         <object_component_ref idref="oc-1ee"/>
      </symbol>
      <symbol id="sm-595">
         <name>__udivmoddi4</name>
         <value>0x4d29</value>
         <object_component_ref idref="oc-2c8"/>
      </symbol>
      <symbol id="sm-59b">
         <name>__aeabi_llsl</name>
         <value>0x67bd</value>
         <object_component_ref idref="oc-303"/>
      </symbol>
      <symbol id="sm-59c">
         <name>__ashldi3</name>
         <value>0x67bd</value>
         <object_component_ref idref="oc-303"/>
      </symbol>
      <symbol id="sm-5aa">
         <name>__ledf2</name>
         <value>0x5639</value>
         <object_component_ref idref="oc-2cd"/>
      </symbol>
      <symbol id="sm-5ab">
         <name>__gedf2</name>
         <value>0x55c9</value>
         <object_component_ref idref="oc-2d3"/>
      </symbol>
      <symbol id="sm-5ac">
         <name>__cmpdf2</name>
         <value>0x5639</value>
         <object_component_ref idref="oc-2cd"/>
      </symbol>
      <symbol id="sm-5ad">
         <name>__eqdf2</name>
         <value>0x5639</value>
         <object_component_ref idref="oc-2cd"/>
      </symbol>
      <symbol id="sm-5ae">
         <name>__ltdf2</name>
         <value>0x5639</value>
         <object_component_ref idref="oc-2cd"/>
      </symbol>
      <symbol id="sm-5af">
         <name>__nedf2</name>
         <value>0x5639</value>
         <object_component_ref idref="oc-2cd"/>
      </symbol>
      <symbol id="sm-5b0">
         <name>__gtdf2</name>
         <value>0x55c9</value>
         <object_component_ref idref="oc-2d3"/>
      </symbol>
      <symbol id="sm-5bc">
         <name>__aeabi_idiv0</name>
         <value>0x3d37</value>
         <object_component_ref idref="oc-2a6"/>
      </symbol>
      <symbol id="sm-5bd">
         <name>__aeabi_ldiv0</name>
         <value>0x42b3</value>
         <object_component_ref idref="oc-302"/>
      </symbol>
      <symbol id="sm-5c6">
         <name>TI_memcpy_small</name>
         <value>0x6df7</value>
         <object_component_ref idref="oc-11d"/>
      </symbol>
      <symbol id="sm-5cf">
         <name>TI_memset_small</name>
         <value>0x6e87</value>
         <object_component_ref idref="oc-19b"/>
      </symbol>
      <symbol id="sm-5d0">
         <name>__TI_static_base__</name>
         <value>0x0</value>
      </symbol>
      <symbol id="sm-5d4">
         <name>__mpu_init</name>
         <value>0x0</value>
      </symbol>
      <symbol id="sm-5d5">
         <name>_system_post_cinit</name>
         <value>0x0</value>
      </symbol>
   </symbol_table>
   <title>Link successful</title>
</link_info>
